Component: ARM Compiler 5.06 update 6 (build 750) Tool: armlink [4d35ed]

==============================================================================

Section Cross References

    startup_stm32f103xb.o(STACK) refers (Special) to heapauxi.o(.text) for __use_two_region_memory
    startup_stm32f103xb.o(HEAP) refers (Special) to heapauxi.o(.text) for __use_two_region_memory
    startup_stm32f103xb.o(RESET) refers (Special) to heapauxi.o(.text) for __use_two_region_memory
    startup_stm32f103xb.o(RESET) refers to startup_stm32f103xb.o(STACK) for __initial_sp
    startup_stm32f103xb.o(RESET) refers to startup_stm32f103xb.o(.text) for Reset_Handler
    startup_stm32f103xb.o(RESET) refers to stm32f1xx_it.o(i.NMI_Handler) for NMI_Handler
    startup_stm32f103xb.o(RESET) refers to stm32f1xx_it.o(i.HardFault_Handler) for HardFault_Handler
    startup_stm32f103xb.o(RESET) refers to stm32f1xx_it.o(i.MemManage_Handler) for MemManage_Handler
    startup_stm32f103xb.o(RESET) refers to stm32f1xx_it.o(i.BusFault_Handler) for BusFault_Handler
    startup_stm32f103xb.o(RESET) refers to stm32f1xx_it.o(i.UsageFault_Handler) for UsageFault_Handler
    startup_stm32f103xb.o(RESET) refers to stm32f1xx_it.o(i.SVC_Handler) for SVC_Handler
    startup_stm32f103xb.o(RESET) refers to stm32f1xx_it.o(i.DebugMon_Handler) for DebugMon_Handler
    startup_stm32f103xb.o(RESET) refers to stm32f1xx_it.o(i.PendSV_Handler) for PendSV_Handler
    startup_stm32f103xb.o(RESET) refers to stm32f1xx_it.o(i.SysTick_Handler) for SysTick_Handler
    startup_stm32f103xb.o(RESET) refers to stm32f1xx_it.o(i.EXTI0_IRQHandler) for EXTI0_IRQHandler
    startup_stm32f103xb.o(RESET) refers to stm32f1xx_it.o(i.EXTI1_IRQHandler) for EXTI1_IRQHandler
    startup_stm32f103xb.o(RESET) refers to stm32f1xx_it.o(i.EXTI2_IRQHandler) for EXTI2_IRQHandler
    startup_stm32f103xb.o(RESET) refers to stm32f1xx_it.o(i.EXTI3_IRQHandler) for EXTI3_IRQHandler
    startup_stm32f103xb.o(RESET) refers to stm32f1xx_it.o(i.TIM2_IRQHandler) for TIM2_IRQHandler
    startup_stm32f103xb.o(RESET) refers to stm32f1xx_it.o(i.TIM3_IRQHandler) for TIM3_IRQHandler
    startup_stm32f103xb.o(.text) refers (Special) to heapauxi.o(.text) for __use_two_region_memory
    startup_stm32f103xb.o(.text) refers to system_stm32f1xx.o(i.SystemInit) for SystemInit
    startup_stm32f103xb.o(.text) refers to __main.o(!!!main) for __main
    startup_stm32f103xb.o(.text) refers to startup_stm32f103xb.o(HEAP) for Heap_Mem
    startup_stm32f103xb.o(.text) refers to startup_stm32f103xb.o(STACK) for Stack_Mem
    button.o(i.BUTTON_Read) refers to stm32f1xx_hal.o(i.HAL_Delay) for HAL_Delay
    button.o(i.BUTTON_Read) refers to button.o(i.BUTTON_ReadPin) for BUTTON_ReadPin
    button.o(i.BUTTON_ReadPin) refers to stm32f1xx_hal_gpio.o(i.HAL_GPIO_ReadPin) for HAL_GPIO_ReadPin
    clcd_i2c.o(i.CLCD_I2C_BlinkOff) refers to clcd_i2c.o(i.CLCD_WriteI2C) for CLCD_WriteI2C
    clcd_i2c.o(i.CLCD_I2C_BlinkOn) refers to clcd_i2c.o(i.CLCD_WriteI2C) for CLCD_WriteI2C
    clcd_i2c.o(i.CLCD_I2C_Clear) refers to clcd_i2c.o(i.CLCD_WriteI2C) for CLCD_WriteI2C
    clcd_i2c.o(i.CLCD_I2C_Clear) refers to stm32f1xx_hal.o(i.HAL_Delay) for HAL_Delay
    clcd_i2c.o(i.CLCD_I2C_CursorOff) refers to clcd_i2c.o(i.CLCD_WriteI2C) for CLCD_WriteI2C
    clcd_i2c.o(i.CLCD_I2C_CursorOn) refers to clcd_i2c.o(i.CLCD_WriteI2C) for CLCD_WriteI2C
    clcd_i2c.o(i.CLCD_I2C_Init) refers to stm32f1xx_hal.o(i.HAL_Delay) for HAL_Delay
    clcd_i2c.o(i.CLCD_I2C_Init) refers to clcd_i2c.o(i.CLCD_WriteI2C) for CLCD_WriteI2C
    clcd_i2c.o(i.CLCD_I2C_ReturnHome) refers to clcd_i2c.o(i.CLCD_WriteI2C) for CLCD_WriteI2C
    clcd_i2c.o(i.CLCD_I2C_ReturnHome) refers to stm32f1xx_hal.o(i.HAL_Delay) for HAL_Delay
    clcd_i2c.o(i.CLCD_I2C_SetCursor) refers to clcd_i2c.o(i.CLCD_WriteI2C) for CLCD_WriteI2C
    clcd_i2c.o(i.CLCD_I2C_WriteChar) refers to clcd_i2c.o(i.CLCD_WriteI2C) for CLCD_WriteI2C
    clcd_i2c.o(i.CLCD_I2C_WriteString) refers to clcd_i2c.o(i.CLCD_I2C_WriteChar) for CLCD_I2C_WriteChar
    clcd_i2c.o(i.CLCD_WriteI2C) refers to stm32f1xx_hal.o(i.HAL_Delay) for HAL_Delay
    clcd_i2c.o(i.CLCD_WriteI2C) refers to stm32f1xx_hal_i2c.o(i.HAL_I2C_Master_Transmit) for HAL_I2C_Master_Transmit
    dht.o(i.DHT_DelayUs) refers to delay_timer.o(i.DELAY_TIM_Us) for DELAY_TIM_Us
    dht.o(i.DHT_Init) refers to delay_timer.o(i.DELAY_TIM_Init) for DELAY_TIM_Init
    dht.o(i.DHT_Read) refers to dht.o(i.DHT_SetPinIn) for DHT_SetPinIn
    dht.o(i.DHT_Read) refers to dht.o(i.DHT_ReadPin) for DHT_ReadPin
    dht.o(i.DHT_Read) refers to dht.o(i.DHT_DelayUs) for DHT_DelayUs
    dht.o(i.DHT_ReadPin) refers to stm32f1xx_hal_gpio.o(i.HAL_GPIO_ReadPin) for HAL_GPIO_ReadPin
    dht.o(i.DHT_ReadTempHum) refers to dht.o(i.DHT_Start) for DHT_Start
    dht.o(i.DHT_ReadTempHum) refers to dht.o(i.DHT_Read) for DHT_Read
    dht.o(i.DHT_ReadTempHum) refers to dflt_clz.o(x$fpl$dfltu) for __aeabi_ui2d
    dht.o(i.DHT_ReadTempHum) refers to ddiv.o(x$fpl$ddiv) for __aeabi_ddiv
[...]
    .text                                    0x0800023e   Section        0  heapauxi.o(.text)
    .text                                    0x08000244   Section        0  _printf_char_file.o(.text)
    .text                                    0x08000268   Section        0  _printf_char_common.o(.text)
    _printf_input_char                       0x08000269   Thumb Code    10  _printf_char_common.o(.text)
    .text                                    0x08000298   Section        0  ferror.o(.text)
    .text                                    0x080002a0   Section        0  initio.o(.text)
    .text                                    0x080003d8   Section        0  sys_io.o(.text)
    .text                                    0x0800043e   Section       74  sys_stackheap_outer.o(.text)
    .text                                    0x08000488   Section        0  h1_free.o(.text)
    .text                                    0x080004d6   Section        0  __printf_nopercent.o(.text)
    .text                                    0x080004fe   Section        0  setvbuf.o(.text)
    .text                                    0x08000544   Section        0  fopen.o(.text)
    _freopen_locked                          0x08000545   Thumb Code     0  fopen.o(.text)
    .text                                    0x08000630   Section        0  fclose.o(.text)
    .text                                    0x0800067c   Section        0  exit.o(.text)
    .text                                    0x0800068e   Section        0  defsig_rtred_outer.o(.text)
    .text                                    0x0800069c   Section        8  libspace.o(.text)
    .text                                    0x080006a4   Section        2  use_no_semi.o(.text)
    .text                                    0x080006a6   Section        0  indicate_semi.o(.text)
    .text                                    0x080006a8   Section        8  rt_heap_descriptor_intlibspace.o(.text)
    .text                                    0x080006b0   Section        0  hguard.o(.text)
    .text                                    0x080006b4   Section        0  init_alloc.o(.text)
    .text                                    0x0800073e   Section        0  h1_alloc.o(.text)
    .text                                    0x0800079c   Section        0  fseek.o(.text)
    .text                                    0x08000894   Section        0  stdio.o(.text)
    .text                                    0x08000984   Section        0  defsig_exit.o(.text)
    .text                                    0x08000990   Section        0  defsig_rtred_inner.o(.text)
    .text                                    0x080009c4   Section        0  strlen.o(.text)
    .text                                    0x08000a04   Section        0  sys_exit.o(.text)
    .text                                    0x08000a10   Section        0  h1_init.o(.text)
    .text                                    0x08000a1e   Section        0  h1_extend.o(.text)
    .text                                    0x08000a52   Section        0  ftell.o(.text)
    .text                                    0x08000a94   Section        0  defsig_general.o(.text)
    .text                                    0x08000ac6   Section        0  defsig_rtmem_outer.o(.text)
    .text                                    0x08000ad4   Section        0  sys_wrch.o(.text)
    .text                                    0x08000ae4   Section        8  rt_errno_addr_intlibspace.o(.text)
    .text                                    0x08000aec   Section        0  defsig_rtmem_inner.o(.text)
    i.BCD2DEC                                0x08000b3c   Section        0  ds3231.o(i.BCD2DEC)
    BCD2DEC                                  0x08000b3d   Thumb Code    18  ds3231.o(i.BCD2DEC)
    i.BusFault_Handler                       0x08000b4e   Section        0  stm32f1xx_it.o(i.BusFault_Handler)
    i.DELAY_TIM_Init                         0x08000b50   Section        0  delay_timer.o(i.DELAY_TIM_Init)
    i.DELAY_TIM_Us                           0x08000b54   Section        0  delay_timer.o(i.DELAY_TIM_Us)
    i.DHT_DelayUs                            0x08000b64   Section        0  dht.o(i.DHT_DelayUs)
    DHT_DelayUs                              0x08000b65   Thumb Code     6  dht.o(i.DHT_DelayUs)
    i.DHT_Init                               0x08000b6a   Section        0  dht.o(i.DHT_Init)
    i.DHT_Read                               0x08000b92   Section        0  dht.o(i.DHT_Read)
    DHT_Read                                 0x08000b93   Thumb Code    88  dht.o(i.DHT_Read)
    i.DHT_ReadPin                            0x08000bea   Section        0  dht.o(i.DHT_ReadPin)
    DHT_ReadPin                              0x08000beb   Thumb Code     8  dht.o(i.DHT_ReadPin)
    i.DHT_ReadTempHum                        0x08000bf4   Section        0  dht.o(i.DHT_ReadTempHum)
    i.DHT_SetPinIn                           0x08000c60   Section        0  dht.o(i.DHT_SetPinIn)
    DHT_SetPinIn                             0x08000c61   Thumb Code    30  dht.o(i.DHT_SetPinIn)
    i.DHT_Start                              0x08000c7e   Section        0  dht.o(i.DHT_Start)
    DHT_Start                                0x08000c7f   Thumb Code   110  dht.o(i.DHT_Start)
    i.DS3231_GetDate                         0x08000cec   Section        0  ds3231.o(i.DS3231_GetDate)
    i.DS3231_GetTime                         0x08000d2a   Section        0  ds3231.o(i.DS3231_GetTime)
    i.DS3231_Init                            0x08000d60   Section        0  ds3231.o(i.DS3231_Init)
    i.DebugMon_Handler                       0x08000d64   Section        0  stm32f1xx_it.o(i.DebugMon_Handler)
    i.EXTI0_IRQHandler                       0x08000d66   Section        0  stm32f1xx_it.o(i.EXTI0_IRQHandler)
    i.EXTI1_IRQHandler                       0x08000d6c   Section        0  stm32f1xx_it.o(i.EXTI1_IRQHandler)
    i.EXTI2_IRQHandler                       0x08000d72   Section        0  stm32f1xx_it.o(i.EXTI2_IRQHandler)
    i.EXTI3_IRQHandler                       0x08000d78   Section        0  stm32f1xx_it.o(i.EXTI3_IRQHandler)
    i.FAN_PWM                                0x08000d7e   Section        0  fan.o(i.FAN_PWM)
    i.HAL_Delay                              0x08000dc0   Section        0  stm32f1xx_hal.o(i.HAL_Delay)
    i.HAL_GPIO_EXTI_Callback                 0x08000de4   Section        0  callback.o(i.HAL_GPIO_EXTI_Callback)
    i.HAL_GPIO_EXTI_IRQHandler               0x08000e24   Section        0  stm32f1xx_hal_gpio.o(i.HAL_GPIO_EXTI_IRQHandler)
    i.HAL_GPIO_Init                          0x08000e3c   Section        0  stm32f1xx_hal_gpio.o(i.HAL_GPIO_Init)
    i.HAL_GPIO_ReadPin                       0x0800101c   Section        0  stm32f1xx_hal_gpio.o(i.HAL_GPIO_ReadPin)
    i.HAL_GPIO_WritePin                      0x08001026   Section        0  stm32f1xx_hal_gpio.o(i.HAL_GPIO_WritePin)
    i.HAL_GetTick                            0x08001030   Section        0  stm32f1xx_hal.o(i.HAL_GetTick)
    i.HAL_I2C_Init                           0x0800103c   Section        0  stm32f1xx_hal_i2c.o(i.HAL_I2C_Init)
    i.HAL_I2C_Mem_Read                       0x080011c4   Section        0  stm32f1xx_hal_i2c.o(i.HAL_I2C_Mem_Read)
    i.HAL_I2C_MspInit                        0x08001414   Section        0  stm32f1xx_hal_msp.o(i.HAL_I2C_MspInit)
    i.HAL_IncTick                            0x08001470   Section        0  stm32f1xx_hal.o(i.HAL_IncTick)
    i.HAL_Init                               0x08001480   Section        0  stm32f1xx_hal.o(i.HAL_Init)
    i.HAL_InitTick                           0x080014a4   Section        0  stm32f1xx_hal.o(i.HAL_InitTick)
    i.HAL_MspInit                            0x080014e4   Section        0  stm32f1xx_hal_msp.o(i.HAL_MspInit)
    i.HAL_NVIC_EnableIRQ                     0x08001520   Section        0  stm32f1xx_hal_cortex.o(i.HAL_NVIC_EnableIRQ)
    i.HAL_NVIC_SetPriority                   0x0800153c   Section        0  stm32f1xx_hal_cortex.o(i.HAL_NVIC_SetPriority)
    i.HAL_NVIC_SetPriorityGrouping           0x0800157c   Section        0  stm32f1xx_hal_cortex.o(i.HAL_NVIC_SetPriorityGrouping)
    i.HAL_RCC_ClockConfig                    0x080015a0   Section        0  stm32f1xx_hal_rcc.o(i.HAL_RCC_ClockConfig)
    i.HAL_RCC_GetPCLK1Freq                   0x080016cc   Section        0  stm32f1xx_hal_rcc.o(i.HAL_RCC_GetPCLK1Freq)
    i.HAL_RCC_GetPCLK2Freq                   0x080016ec   Section        0  stm32f1xx_hal_rcc.o(i.HAL_RCC_GetPCLK2Freq)
    i.HAL_RCC_GetSysClockFreq                0x0800170c   Section        0  stm32f1xx_hal_rcc.o(i.HAL_RCC_GetSysClockFreq)
    i.HAL_RCC_OscConfig                      0x08001758   Section        0  stm32f1xx_hal_rcc.o(i.HAL_RCC_OscConfig)
    i.HAL_SYSTICK_Config                     0x08001a78   Section        0  stm32f1xx_hal_cortex.o(i.HAL_SYSTICK_Config)
    i.HAL_TIMEx_BreakCallback                0x08001aa0   Section        0  stm32f1xx_hal_tim_ex.o(i.HAL_TIMEx_BreakCallback)
    i.HAL_TIMEx_CommutCallback               0x08001aa2   Section        0  stm32f1xx_hal_tim_ex.o(i.HAL_TIMEx_CommutCallback)
    i.HAL_TIMEx_MasterConfigSynchronization  0x08001aa4   Section        0  stm32f1xx_hal_tim_ex.o(i.HAL_TIMEx_MasterConfigSynchronization)
    i.HAL_TIM_Base_Init                      0x08001b0c   Section        0  stm32f1xx_hal_tim.o(i.HAL_TIM_Base_Init)
    i.HAL_TIM_Base_MspInit                   0x08001b68   Section        0  stm32f1xx_hal_msp.o(i.HAL_TIM_Base_MspInit)
    i.HAL_TIM_Base_Start                     0x08001bbc   Section        0  stm32f1xx_hal_tim.o(i.HAL_TIM_Base_Start)
    i.HAL_TIM_ConfigClockSource              0x08001c0c   Section        0  stm32f1xx_hal_tim.o(i.HAL_TIM_ConfigClockSource)
    i.HAL_TIM_IC_CaptureCallback             0x08001ce8   Section        0  ir.o(i.HAL_TIM_IC_CaptureCallback)
    i.HAL_TIM_IC_ConfigChannel               0x08001d44   Section        0  stm32f1xx_hal_tim.o(i.HAL_TIM_IC_ConfigChannel)
    i.HAL_TIM_IC_Init                        0x08001e68   Section        0  stm32f1xx_hal_tim.o(i.HAL_TIM_IC_Init)
    i.HAL_TIM_IC_MspInit                     0x08001ec2   Section        0  stm32f1xx_hal_tim.o(i.HAL_TIM_IC_MspInit)
    i.HAL_TIM_IRQHandler                     0x08001ec4   Section        0  stm32f1xx_hal_tim.o(i.HAL_TIM_IRQHandler)
    i.HAL_TIM_MspPostInit                    0x0800202c   Section        0  stm32f1xx_hal_msp.o(i.HAL_TIM_MspPostInit)
    i.HAL_TIM_OC_DelayElapsedCallback        0x080020b0   Section        0  stm32f1xx_hal_tim.o(i.HAL_TIM_OC_DelayElapsedCallback)
    i.HAL_TIM_PWM_ConfigChannel              0x080020b2   Section        0  stm32f1xx_hal_tim.o(i.HAL_TIM_PWM_ConfigChannel)
    i.HAL_TIM_PWM_Init                       0x0800217e   Section        0  stm32f1xx_hal_tim.o(i.HAL_TIM_PWM_Init)
    i.HAL_TIM_PWM_MspInit                    0x080021d8   Section        0  stm32f1xx_hal_msp.o(i.HAL_TIM_PWM_MspInit)
    i.HAL_TIM_PWM_PulseFinishedCallback      0x08002250   Section        0  stm32f1xx_hal_tim.o(i.HAL_TIM_PWM_PulseFinishedCallback)
    i.HAL_TIM_PeriodElapsedCallback          0x08002254   Section        0  callback.o(i.HAL_TIM_PeriodElapsedCallback)
    i.HAL_TIM_ReadCapturedValue              0x08002294   Section        0  stm32f1xx_hal_tim.o(i.HAL_TIM_ReadCapturedValue)
    i.HAL_TIM_TriggerCallback                0x080022be   Section        0  stm32f1xx_hal_tim.o(i.HAL_TIM_TriggerCallback)
    i.HAL_UART_Init                          0x080022c0   Section        0  stm32f1xx_hal_uart.o(i.HAL_UART_Init)
    i.HAL_UART_MspInit                       0x08002324   Section        0  stm32f1xx_hal_msp.o(i.HAL_UART_MspInit)
    i.HAL_UART_Transmit                      0x08002394   Section        0  stm32f1xx_hal_uart.o(i.HAL_UART_Transmit)
    i.HardFault_Handler                      0x0800242e   Section        0  stm32f1xx_it.o(i.HardFault_Handler)
    i.I2C_IsAcknowledgeFailed                0x08002430   Section        0  stm32f1xx_hal_i2c.o(i.I2C_IsAcknowledgeFailed)
    I2C_IsAcknowledgeFailed                  0x08002431   Thumb Code    46  stm32f1xx_hal_i2c.o(i.I2C_IsAcknowledgeFailed)
    i.I2C_RequestMemoryRead                  0x08002460   Section        0  stm32f1xx_hal_i2c.o(i.I2C_RequestMemoryRead)
    I2C_RequestMemoryRead                    0x08002461   Thumb Code   246  stm32f1xx_hal_i2c.o(i.I2C_RequestMemoryRead)
    i.I2C_WaitOnFlagUntilTimeout             0x0800255c   Section        0  stm32f1xx_hal_i2c.o(i.I2C_WaitOnFlagUntilTimeout)
    I2C_WaitOnFlagUntilTimeout               0x0800255d   Thumb Code   144  stm32f1xx_hal_i2c.o(i.I2C_WaitOnFlagUntilTimeout)
    i.I2C_WaitOnMasterAddressFlagUntilTimeout 0x080025ec   Section        0  stm32f1xx_hal_i2c.o(i.I2C_WaitOnMasterAddressFlagUntilTimeout)
    I2C_WaitOnMasterAddressFlagUntilTimeout  0x080025ed   Thumb Code   188  stm32f1xx_hal_i2c.o(i.I2C_WaitOnMasterAddressFlagUntilTimeout)
    i.I2C_WaitOnRXNEFlagUntilTimeout         0x080026a8   Section        0  stm32f1xx_hal_i2c.o(i.I2C_WaitOnRXNEFlagUntilTimeout)
    I2C_WaitOnRXNEFlagUntilTimeout           0x080026a9   Thumb Code   112  stm32f1xx_hal_i2c.o(i.I2C_WaitOnRXNEFlagUntilTimeout)
    i.I2C_WaitOnTXEFlagUntilTimeout          0x08002718   Section        0  stm32f1xx_hal_i2c.o(i.I2C_WaitOnTXEFlagUntilTimeout)
    I2C_WaitOnTXEFlagUntilTimeout            0x08002719   Thumb Code    86  stm32f1xx_hal_i2c.o(i.I2C_WaitOnTXEFlagUntilTimeout)
    i.LED7SEG_ConvertInt                     0x0800276e   Section        0  led7seg.o(i.LED7SEG_ConvertInt)
    i.LED7SEG_Scan4Led                       0x080027f4   Section        0  led7seg.o(i.LED7SEG_Scan4Led)
    i.LED7SEG_WriteOneNumber                 0x080028b0   Section        0  led7seg.o(i.LED7SEG_WriteOneNumber)
    i.LED7_Test                              0x08002940   Section        0  function.o(i.LED7_Test)
    i.MX_GPIO_Init                           0x08002974   Section        0  main.o(i.MX_GPIO_Init)
    MX_GPIO_Init                             0x08002975   Thumb Code   278  main.o(i.MX_GPIO_Init)
    i.MX_TIM2_Init                           0x08002aa0   Section        0  main.o(i.MX_TIM2_Init)
    MX_TIM2_Init                             0x08002aa1   Thumb Code   170  main.o(i.MX_TIM2_Init)
    i.MX_TIM3_Init                           0x08002b50   Section        0  main.o(i.MX_TIM3_Init)
    MX_TIM3_Init                             0x08002b51   Thumb Code    96  main.o(i.MX_TIM3_Init)
    i.MX_TIM4_Init                           0x08002bb8   Section        0  main.o(i.MX_TIM4_Init)
    MX_TIM4_Init                             0x08002bb9   Thumb Code    94  main.o(i.MX_TIM4_Init)
    i.MemManage_Handler                      0x08002c20   Section        0  stm32f1xx_it.o(i.MemManage_Handler)
    i.NMI_Handler                            0x08002c22   Section        0  stm32f1xx_it.o(i.NMI_Handler)
    i.PendSV_Handler                         0x08002c24   Section        0  stm32f1xx_it.o(i.PendSV_Handler)
    i.SVC_Handler                            0x08002c26   Section        0  stm32f1xx_it.o(i.SVC_Handler)
    i.SysTick_Handler                        0x08002c28   Section        0  stm32f1xx_it.o(i.SysTick_Handler)
    i.SystemClock_Config                     0x08002c2c   Section        0  main.o(i.SystemClock_Config)
    i.SystemInit                             0x08002c8a   Section        0  system_stm32f1xx.o(i.SystemInit)
    i.TIM2_IRQHandler                        0x08002c8c   Section        0  stm32f1xx_it.o(i.TIM2_IRQHandler)
    i.TIM3_IRQHandler                        0x08002c98   Section        0  stm32f1xx_it.o(i.TIM3_IRQHandler)
    i.TIM_Base_SetConfig                     0x08002ca4   Section        0  stm32f1xx_hal_tim.o(i.TIM_Base_SetConfig)
    i.TIM_ETR_SetConfig                      0x08002d10   Section        0  stm32f1xx_hal_tim.o(i.TIM_ETR_SetConfig)
    i.TIM_ITRx_SetConfig                     0x08002d24   Section        0  stm32f1xx_hal_tim.o(i.TIM_ITRx_SetConfig)
    TIM_ITRx_SetConfig                       0x08002d25   Thumb Code    16  stm32f1xx_hal_tim.o(i.TIM_ITRx_SetConfig)
    i.TIM_OC1_SetConfig                      0x08002d34   Section        0  stm32f1xx_hal_tim.o(i.TIM_OC1_SetConfig)
    TIM_OC1_SetConfig                        0x08002d35   Thumb Code    74  stm32f1xx_hal_tim.o(i.TIM_OC1_SetConfig)
    i.TIM_OC2_SetConfig                      0x08002d84   Section        0  stm32f1xx_hal_tim.o(i.TIM_OC2_SetConfig)
    i.TIM_OC3_SetConfig                      0x08002ddc   Section        0  stm32f1xx_hal_tim.o(i.TIM_OC3_SetConfig)
    TIM_OC3_SetConfig                        0x08002ddd   Thumb Code    82  stm32f1xx_hal_tim.o(i.TIM_OC3_SetConfig)
    i.TIM_OC4_SetConfig                      0x08002e34   Section        0  stm32f1xx_hal_tim.o(i.TIM_OC4_SetConfig)
    TIM_OC4_SetConfig                        0x08002e35   Thumb Code    64  stm32f1xx_hal_tim.o(i.TIM_OC4_SetConfig)
    i.TIM_TI1_ConfigInputStage               0x08002e78   Section        0  stm32f1xx_hal_tim.o(i.TIM_TI1_ConfigInputStage)
    TIM_TI1_ConfigInputStage                 0x08002e79   Thumb Code    34  stm32f1xx_hal_tim.o(i.TIM_TI1_ConfigInputStage)
    i.TIM_TI1_SetConfig                      0x08002e9c   Section        0  stm32f1xx_hal_tim.o(i.TIM_TI1_SetConfig)
    i.TIM_TI2_ConfigInputStage               0x08002ef4   Section        0  stm32f1xx_hal_tim.o(i.TIM_TI2_ConfigInputStage)
    TIM_TI2_ConfigInputStage                 0x08002ef5   Thumb Code    36  stm32f1xx_hal_tim.o(i.TIM_TI2_ConfigInputStage)
    i.TIM_TI2_SetConfig                      0x08002f18   Section        0  stm32f1xx_hal_tim.o(i.TIM_TI2_SetConfig)
    TIM_TI2_SetConfig                        0x08002f19   Thumb Code    54  stm32f1xx_hal_tim.o(i.TIM_TI2_SetConfig)
    i.UART_SetConfig                         0x08002f50   Section        0  stm32f1xx_hal_uart.o(i.UART_SetConfig)
    UART_SetConfig                           0x08002f51   Thumb Code   178  stm32f1xx_hal_uart.o(i.UART_SetConfig)
    i.UART_WaitOnFlagUntilTimeout            0x08003008   Section        0  stm32f1xx_hal_uart.o(i.UART_WaitOnFlagUntilTimeout)
    UART_WaitOnFlagUntilTimeout              0x08003009   Thumb Code   120  stm32f1xx_hal_uart.o(i.UART_WaitOnFlagUntilTimeout)
    i.UsageFault_Handler                     0x08003080   Section        0  stm32f1xx_it.o(i.UsageFault_Handler)
    i.__NVIC_SetPriority                     0x08003082   Section        0  stm32f1xx_hal_cortex.o(i.__NVIC_SetPriority)
    __NVIC_SetPriority                       0x08003083   Thumb Code    32  stm32f1xx_hal_cortex.o(i.__NVIC_SetPriority)
    i.button_handle                          0x080030a4   Section        0  function.o(i.button_handle)
    i.button_scan                            0x08003168   Section        0  function.o(i.button_scan)
    i.fputc                                  0x0800316c   Section        0  main.o(i.fputc)
    i.led7_display                           0x08003184   Section        0  function.o(i.led7_display)
    i.main                                   0x080031d8   Section        0  main.o(i.main)
    i.map_fan                                0x080032d0   Section        0  fan.o(i.map_fan)
    i.save_setting                           0x080032e4   Section        0  function.o(i.save_setting)
    i.sensor_handle                          0x08003300   Section        0  function.o(i.sensor_handle)
    i.sensor_read                            0x0800331c   Section        0  function.o(i.sensor_read)
    x$fpl$d2f                                0x08003358   Section       98  d2f.o(x$fpl$d2f)
    x$fpl$ddiv                               0x080033bc   Section      688  ddiv.o(x$fpl$ddiv)
    ddiv_entry                               0x080033c3   Thumb Code     0  ddiv.o(x$fpl$ddiv)
    x$fpl$dfltu                              0x0800366c   Section       38  dflt_clz.o(x$fpl$dfltu)
    x$fpl$dnaninf                            0x08003692   Section      156  dnaninf.o(x$fpl$dnaninf)
    x$fpl$dretinf                            0x0800372e   Section       12  dretinf.o(x$fpl$dretinf)
    x$fpl$fretinf                            0x0800373a   Section       10  fretinf.o(x$fpl$fretinf)
    .constdata                               0x08003744   Section       18  stm32f1xx_hal_rcc.o(.constdata)
    x$fpl$usenofp                            0x08003744   Section        0  usenofp.o(x$fpl$usenofp)
    aPredivFactorTable                       0x08003744   Data           2  stm32f1xx_hal_rcc.o(.constdata)
    aPLLMULFactorTable                       0x08003746   Data          16  stm32f1xx_hal_rcc.o(.constdata)
    .constdata                               0x08003756   Section       16  system_stm32f1xx.o(.constdata)
    .constdata                               0x08003766   Section        8  system_stm32f1xx.o(.constdata)
    .constdata                               0x0800376e   Section        4  sys_io.o(.constdata)
    .constdata                               0x08003772   Section        4  sys_io.o(.constdata)
    .constdata                               0x08003776   Section        4  sys_io.o(.constdata)
    .data                                    0x20000000   Section       17  led7seg.o(.data)
    .data                                    0x20000014   Section       16  ir.o(.data)
    .data                                    0x20000024   Section       20  function.o(.data)
    .data                                    0x20000038   Section       16  callback.o(.data)
    .data                                    0x20000048   Section       12  stm32f1xx_hal.o(.data)
    .data                                    0x20000054   Section        4  system_stm32f1xx.o(.data)
    .data                                    0x20000058   Section        4  stdio_streams.o(.data)
    .data                                    0x2000005c   Section        4  stdio_streams.o(.data)
    .data                                    0x20000060   Section        4  stdio_streams.o(.data)
    .bss                                     0x20000064   Section       52  function.o(.bss)
    .bss                                     0x20000098   Section      372  main.o(.bss)
    .bss                                     0x2000020c   Section       84  stdio_streams.o(.bss)
    .bss                                     0x20000260   Section       84  stdio_streams.o(.bss)
    .bss                                     0x200002b4   Section       84  stdio_streams.o(.bss)
    .bss                                     0x20000308   Section       96  libspace.o(.bss)
    HEAP                                     0x20000368   Section      512  startup_stm32f103xb.o(HEAP)
    Heap_Mem                                 0x20000368   Data         512  startup_stm32f103xb.o(HEAP)
    STACK                                    0x20000568   Section     1024  startup_stm32f103xb.o(STACK)
    Stack_Mem                                0x20000568   Data        1024  startup_stm32f103xb.o(STACK)
    __initial_sp                             0x20000968   Data           0  startup_stm32f103xb.o(STACK)

    Global Symbols

    Symbol Name                              Value     Ov Type        Size  Object(Section)

    BuildAttributes$$THM_ISAv4$P$D$K$B$S$PE$A:L22UL41UL21$X:L11$S22US41US21$IEEE1$IW$USESV6$~STKCKD$USESV7$~SHL$OTIME$ROPI$EBA8$UX$STANDARDLIB$REQ8$PRES8$EABIv2 0x00000000   Number         0  anon$$obj.o ABSOLUTE
    __ARM_use_no_argv                        0x00000000   Number         0  main.o ABSOLUTE
    __ARM_exceptions_init                     - Undefined Weak Reference
    __alloca_initialize                       - Undefined Weak Reference
    __arm_preinit_                            - Undefined Weak Reference
    __cpp_initialize__aeabi_                  - Undefined Weak Reference
    __cxa_finalize                            - Undefined Weak Reference
    __rt_locale                               - Undefined Weak Reference
    __sigvec_lookup                           - Undefined Weak Reference
    __user_heap_extent                        - Undefined Weak Reference
    _atexit_init                              - Undefined Weak Reference
    _call_atexit_fns                          - Undefined Weak Reference
    _clock_init                               - Undefined Weak Reference
    _fp_trap_init                             - Undefined Weak Reference
    _fp_trap_shutdown                         - Undefined Weak Reference
    _get_lc_collate                           - Undefined Weak Reference
    _get_lc_ctype                             - Undefined Weak Reference
    _get_lc_monetary                          - Undefined Weak Reference
    _get_lc_numeric                           - Undefined Weak Reference
    _get_lc_time                              - Undefined Weak Reference
    _getenv_init                              - Undefined Weak Reference
    _handle_redirection                       - Undefined Weak Reference
    _mutex_acquire                            - Undefined Weak Reference
    _mutex_free                               - Undefined Weak Reference
    _mutex_release                            - Undefined Weak Reference
    _rand_init                                - Undefined Weak Reference
    _signal_finish                            - Undefined Weak Reference
    _signal_init                              - Undefined Weak Reference
    __Vectors_Size                           0x000000ec   Number         0  startup_stm32f103xb.o ABSOLUTE
    __Vectors                                0x08000000   Data           4  startup_stm32f103xb.o(RESET)
    __Vectors_End                            0x080000ec   Data           0  startup_stm32f103xb.o(RESET)
    __main                                   0x080000ed   Thumb Code     8  __main.o(!!!main)
    __scatterload                            0x080000f5   Thumb Code     0  __scatter.o(!!!scatter)
    __scatterload_rt2                        0x080000f5   Thumb Code    44  __scatter.o(!!!scatter)
    __scatterload_rt2_thumb_only             0x080000f5   Thumb Code     0  __scatter.o(!!!scatter)
    __scatterload_null                       0x08000103   Thumb Code     0  __scatter.o(!!!scatter)
    __scatterload_copy                       0x08000129   Thumb Code    26  __scatter_copy.o(!!handler_copy)
    __scatterload_zeroinit                   0x08000145   Thumb Code    28  __scatter_zi.o(!!handler_zi)
    __rt_lib_init                            0x08000161   Thumb Code     0  libinit.o(.ARM.Collect$$libinit$$00000000)
    __rt_lib_init_fp_1                       0x08000163   Thumb Code     0  libinit2.o(.ARM.Collect$$libinit$$00000002)
    __rt_lib_init_heap_2                     0x08000163   Thumb Code     0  libinit2.o(.ARM.Collect$$libinit$$00000005)
    __rt_lib_init_preinit_1                  0x08000163   Thumb Code     0  libinit2.o(.ARM.Collect$$libinit$$00000004)
    __rt_lib_init_atexit_1                   0x0800016b   Thumb Code     0  libinit2.o(.ARM.Collect$$libinit$$0000001B)
    __rt_lib_init_clock_1                    0x0800016b   Thumb Code     0  libinit2.o(.ARM.Collect$$libinit$$00000021)
    __rt_lib_init_fp_trap_1                  0x0800016b   Thumb Code     0  libinit2.o(.ARM.Collect$$libinit$$0000001F)
    __rt_lib_init_getenv_1                   0x0800016b   Thumb Code     0  libinit2.o(.ARM.Collect$$libinit$$00000023)
    __rt_lib_init_heap_1                     0x0800016b   Thumb Code     0  libinit2.o(.ARM.Collect$$libinit$$0000000A)
    __rt_lib_init_lc_collate_1               0x0800016b   Thumb Code     0  libinit2.o(.ARM.Collect$$libinit$$00000011)
    __rt_lib_init_lc_ctype_1                 0x0800016b   Thumb Code     0  libinit2.o(.ARM.Collect$$libinit$$00000013)
    __rt_lib_init_lc_monetary_1              0x0800016b   Thumb Code     0  libinit2.o(.ARM.Collect$$libinit$$00000015)
    __rt_lib_init_lc_numeric_1               0x0800016b   Thumb Code     0  libinit2.o(.ARM.Collect$$libinit$$00000017)
    __rt_lib_init_lc_time_1                  0x0800016b   Thumb Code     0  libinit2.o(.ARM.Collect$$libinit$$00000019)
    __rt_lib_init_rand_1                     0x0800016b   Thumb Code     0  libinit2.o(.ARM.Collect$$libinit$$0000000E)
    __rt_lib_init_signal_1                   0x0800016b   Thumb Code     0  libinit2.o(.ARM.Collect$$libinit$$0000001D)
    __rt_lib_init_stdio_2                    0x0800016b   Thumb Code     0  libinit2.o(.ARM.Collect$$libinit$$00000024)
    __rt_lib_init_user_alloc_1               0x0800016b   Thumb Code     0  libinit2.o(.ARM.Collect$$libinit$$0000000C)
    __rt_lib_init_alloca_1                   0x0800016f   Thumb Code     0  libinit2.o(.ARM.Collect$$libinit$$0000002E)
    __rt_lib_init_argv_1                     0x0800016f   Thumb Code     0  libinit2.o(.ARM.Collect$$libinit$$0000002C)
    __rt_lib_init_cpp_1                      0x0800016f   Thumb Code     0  libinit2.o(.ARM.Collect$$libinit$$00000032)
    __rt_lib_init_exceptions_1               0x0800016f   Thumb Code     0  libinit2.o(.ARM.Collect$$libinit$$00000030)
    __rt_lib_init_return                     0x0800016f   Thumb Code     0  libinit2.o(.ARM.Collect$$libinit$$00000033)
    __rt_lib_init_stdio_1                    0x0800016f   Thumb Code     0  libinit2.o(.ARM.Collect$$libinit$$00000025)
    __rt_lib_shutdown                        0x08000171   Thumb Code     0  libshutdown.o(.ARM.Collect$$libshutdown$$00000000)
    __rt_lib_shutdown_cpp_1                  0x08000173   Thumb Code     0  libshutdown2.o(.ARM.Collect$$libshutdown$$00000002)
    __rt_lib_shutdown_stdio_2                0x08000173   Thumb Code     0  libshutdown2.o(.ARM.Collect$$libshutdown$$00000003)
    __rt_lib_shutdown_fp_trap_1              0x08000177   Thumb Code     0  libshutdown2.o(.ARM.Collect$$libshutdown$$00000007)
    __rt_lib_shutdown_heap_1                 0x08000177   Thumb Code     0  libshutdown2.o(.ARM.Collect$$libshutdown$$0000000F)
    __rt_lib_shutdown_return                 0x08000177   Thumb Code     0  libshutdown2.o(.ARM.Collect$$libshutdown$$00000010)
    __rt_lib_shutdown_signal_1               0x08000177   Thumb Code     0  libshutdown2.o(.ARM.Collect$$libshutdown$$0000000A)
    __rt_lib_shutdown_stdio_1                0x08000177   Thumb Code     0  libshutdown2.o(.ARM.Collect$$libshutdown$$00000004)
    __rt_lib_shutdown_user_alloc_1           0x08000177   Thumb Code     0  libshutdown2.o(.ARM.Collect$$libshutdown$$0000000C)
    __rt_entry                               0x08000179   Thumb Code     0  __rtentry.o(.ARM.Collect$$rtentry$$00000000)
    __rt_entry_presh_1                       0x08000179   Thumb Code     0  __rtentry2.o(.ARM.Collect$$rtentry$$00000002)
    __rt_entry_sh                            0x08000179   Thumb Code     0  __rtentry4.o(.ARM.Collect$$rtentry$$00000004)
    __rt_entry_li                            0x0800017f   Thumb Code     0  __rtentry2.o(.ARM.Collect$$rtentry$$0000000A)
    __rt_entry_postsh_1                      0x0800017f   Thumb Code     0  __rtentry2.o(.ARM.Collect$$rtentry$$00000009)
    __rt_entry_main                          0x08000183   Thumb Code     0  __rtentry2.o(.ARM.Collect$$rtentry$$0000000D)
    __rt_entry_postli_1                      0x08000183   Thumb Code     0  __rtentry2.o(.ARM.Collect$$rtentry$$0000000C)
    __rt_exit                                0x0800018b   Thumb Code     0  rtexit.o(.ARM.Collect$$rtexit$$00000000)
    __rt_exit_ls                             0x0800018d   Thumb Code     0  rtexit2.o(.ARM.Collect$$rtexit$$00000003)
    __rt_exit_prels_1                        0x0800018d   Thumb Code     0  rtexit2.o(.ARM.Collect$$rtexit$$00000002)
    __rt_exit_exit                           0x08000191   Thumb Code     0  rtexit2.o(.ARM.Collect$$rtexit$$00000004)
    Reset_Handler                            0x08000199   Thumb Code     8  startup_stm32f103xb.o(.text)
    _maybe_terminate_alloc                   0x08000199   Thumb Code     0  maybetermalloc1.o(.emb_text)
    ADC1_2_IRQHandler                        0x080001b3   Thumb Code     0  startup_stm32f103xb.o(.text)
    CAN1_RX1_IRQHandler                      0x080001b3   Thumb Code     0  startup_stm32f103xb.o(.text)
    CAN1_SCE_IRQHandler                      0x080001b3   Thumb Code     0  startup_stm32f103xb.o(.text)
    DMA1_Channel1_IRQHandler                 0x080001b3   Thumb Code     0  startup_stm32f103xb.o(.text)
    DMA1_Channel2_IRQHandler                 0x080001b3   Thumb Code     0  startup_stm32f103xb.o(.text)
    DMA1_Channel3_IRQHandler                 0x080001b3   Thumb Code     0  startup_stm32f103xb.o(.text)
    DMA1_Channel4_IRQHandler                 0x080001b3   Thumb Code     0  startup_stm32f103xb.o(.text)
    DMA1_Channel5_IRQHandler                 0x080001b3   Thumb Code     0  startup_stm32f103xb.o(.text)
    DMA1_Channel6_IRQHandler                 0x080001b3   Thumb Code     0  startup_stm32f103xb.o(.text)
    DMA1_Channel7_IRQHandler                 0x080001b3   Thumb Code     0  startup_stm32f103xb.o(.text)
    EXTI15_10_IRQHandler                     0x080001b3   Thumb Code     0  startup_stm32f103xb.o(.text)
    EXTI4_IRQHandler                         0x080001b3   Thumb Code     0  startup_stm32f103xb.o(.text)
    EXTI9_5_IRQHandler                       0x080001b3   Thumb Code     0  startup_stm32f103xb.o(.text)
    FLASH_IRQHandler                         0x080001b3   Thumb Code     0  startup_stm32f103xb.o(.text)
    I2C1_ER_IRQHandler                       0x080001b3   Thumb Code     0  startup_stm32f103xb.o(.text)
    I2C1_EV_IRQHandler                       0x080001b3   Thumb Code     0  startup_stm32f103xb.o(.text)
    I2C2_ER_IRQHandler                       0x080001b3   Thumb Code     0  startup_stm32f103xb.o(.text)
    I2C2_EV_IRQHandler                       0x080001b3   Thumb Code     0  startup_stm32f103xb.o(.text)
    PVD_IRQHandler                           0x080001b3   Thumb Code     0  startup_stm32f103xb.o(.text)
    RCC_IRQHandler                           0x080001b3   Thumb Code     0  startup_stm32f103xb.o(.text)
    RTC_Alarm_IRQHandler                     0x080001b3   Thumb Code     0  startup_stm32f103xb.o(.text)
    RTC_IRQHandler                           0x080001b3   Thumb Code     0  startup_stm32f103xb.o(.text)
    SPI1_IRQHandler                          0x080001b3   Thumb Code     0  startup_stm32f103xb.o(.text)
    SPI2_IRQHandler                          0x080001b3   Thumb Code     0  startup_stm32f103xb.o(.text)
    TAMPER_IRQHandler                        0x080001b3   Thumb Code     0  startup_stm32f103xb.o(.text)
    TIM1_BRK_IRQHandler                      0x080001b3   Thumb Code     0  startup_stm32f103xb.o(.text)
    TIM1_CC_IRQHandler                       0x080001b3   Thumb Code     0  startup_stm32f103xb.o(.text)
    TIM1_TRG_COM_IRQHandler                  0x080001b3   Thumb Code     0  startup_stm32f103xb.o(.text)
    TIM1_UP_IRQHandler                       0x080001b3   Thumb Code     0  startup_stm32f103xb.o(.text)
    TIM4_IRQHandler                          0x080001b3   Thumb Code     0  startup_stm32f103xb.o(.text)
    USART1_IRQHandler                        0x080001b3   Thumb Code     0  startup_stm32f103xb.o(.text)
    USART2_IRQHandler                        0x080001b3   Thumb Code     0  startup_stm32f103xb.o(.text)
    USART3_IRQHandler                        0x080001b3   Thumb Code     0  startup_stm32f103xb.o(.text)
    USBWakeUp_IRQHandler                     0x080001b3   Thumb Code     0  startup_stm32f103xb.o(.text)
    USB_HP_CAN1_TX_IRQHandler                0x080001b3   Thumb Code     0  startup_stm32f103xb.o(.text)
    USB_LP_CAN1_RX0_IRQHandler               0x080001b3   Thumb Code     0  startup_stm32f103xb.o(.text)
    WWDG_IRQHandler                          0x080001b3   Thumb Code     0  startup_stm32f103xb.o(.text)
    __user_initial_stackheap                 0x080001b5   Thumb Code     0  startup_stm32f103xb.o(.text)
    __2printf                                0x080001d9   Thumb Code    20  noretval__2printf.o(.text)
    __aeabi_memclr4                          0x080001f1   Thumb Code     0  rt_memclr_w.o(.text)
    __aeabi_memclr8                          0x080001f1   Thumb Code     0  rt_memclr_w.o(.text)
    __rt_memclr_w                            0x080001f1   Thumb Code    78  rt_memclr_w.o(.text)
    _memset_w                                0x080001f5   Thumb Code     0  rt_memclr_w.o(.text)
    __use_two_region_memory                  0x0800023f   Thumb Code     2  heapauxi.o(.text)
    __rt_heap_escrow                         0x08000241   Thumb Code     2  heapauxi.o(.text)
    __rt_heap_expand                         0x08000243   Thumb Code     2  heapauxi.o(.text)
    _printf_char_file                        0x08000245   Thumb Code    32  _printf_char_file.o(.text)
    _printf_char_common                      0x08000273   Thumb Code    32  _printf_char_common.o(.text)
    ferror                                   0x08000299   Thumb Code     8  ferror.o(.text)
    _initio                                  0x080002a1   Thumb Code   210  initio.o(.text)
    _terminateio                             0x08000373   Thumb Code    56  initio.o(.text)
    _sys_open                                0x080003d9   Thumb Code    20  sys_io.o(.text)
    _sys_close                               0x080003ed   Thumb Code    12  sys_io.o(.text)
    _sys_write                               0x080003f9   Thumb Code    16  sys_io.o(.text)
    _sys_read                                0x08000409   Thumb Code    14  sys_io.o(.text)
    _sys_istty                               0x08000417   Thumb Code    12  sys_io.o(.text)
    _sys_seek                                0x08000423   Thumb Code    14  sys_io.o(.text)
    _sys_ensure                              0x08000431   Thumb Code     2  sys_io.o(.text)
    _sys_flen                                0x08000433   Thumb Code    12  sys_io.o(.text)
    __user_setup_stackheap                   0x0800043f   Thumb Code    74  sys_stackheap_outer.o(.text)
    free                                     0x08000489   Thumb Code    78  h1_free.o(.text)
    __printf                                 0x080004d7   Thumb Code    40  __printf_nopercent.o(.text)
    setvbuf                                  0x080004ff   Thumb Code    70  setvbuf.o(.text)
    freopen                                  0x08000545   Thumb Code   158  fopen.o(.text)
    fopen                                    0x080005e3   Thumb Code    74  fopen.o(.text)
    _fclose_internal                         0x08000631   Thumb Code    76  fclose.o(.text)
    fclose                                   0x08000631   Thumb Code     0  fclose.o(.text)
    exit                                     0x0800067d   Thumb Code    18  exit.o(.text)
    __rt_SIGRTRED                            0x0800068f   Thumb Code    14  defsig_rtred_outer.o(.text)
    __user_libspace                          0x0800069d   Thumb Code     8  libspace.o(.text)
    __user_perproc_libspace                  0x0800069d   Thumb Code     0  libspace.o(.text)
    __user_perthread_libspace                0x0800069d   Thumb Code     0  libspace.o(.text)
    __I$use$semihosting                      0x080006a5   Thumb Code     0  use_no_semi.o(.text)
    __use_no_semihosting_swi                 0x080006a5   Thumb Code     2  use_no_semi.o(.text)
    __semihosting_library_function           0x080006a7   Thumb Code     0  indicate_semi.o(.text)
    __rt_heap_descriptor                     0x080006a9   Thumb Code     8  rt_heap_descriptor_intlibspace.o(.text)
    __use_no_heap                            0x080006b1   Thumb Code     2  hguard.o(.text)
    __heap$guard                             0x080006b3   Thumb Code     2  hguard.o(.text)
    _terminate_user_alloc                    0x080006b5   Thumb Code     2  init_alloc.o(.text)
    _init_user_alloc                         0x080006b7   Thumb Code     2  init_alloc.o(.text)
    __Heap_Full                              0x080006b9   Thumb Code    34  init_alloc.o(.text)
    __Heap_Broken                            0x080006db   Thumb Code     6  init_alloc.o(.text)
    _init_alloc                              0x080006e1   Thumb Code    94  init_alloc.o(.text)
    malloc                                   0x0800073f   Thumb Code    94  h1_alloc.o(.text)
    _fseek                                   0x0800079d   Thumb Code   242  fseek.o(.text)
    fseek                                    0x0800079d   Thumb Code     0  fseek.o(.text)
    _seterr                                  0x08000895   Thumb Code    20  stdio.o(.text)
    _writebuf                                0x080008a9   Thumb Code    84  stdio.o(.text)
    _fflush                                  0x080008fd   Thumb Code    70  stdio.o(.text)
    _deferredlazyseek                        0x08000943   Thumb Code    60  stdio.o(.text)
    __sig_exit                               0x08000985   Thumb Code    10  defsig_exit.o(.text)
    __rt_SIGRTRED_inner                      0x08000991   Thumb Code    14  defsig_rtred_inner.o(.text)
    strlen                                   0x080009c5   Thumb Code    62  strlen.o(.text)
    _sys_exit                                0x08000a05   Thumb Code     8  sys_exit.o(.text)
    __Heap_Initialize                        0x08000a11   Thumb Code    10  h1_init.o(.text)
    __Heap_DescSize                          0x08000a1b   Thumb Code     4  h1_init.o(.text)
    __Heap_ProvideMemory                     0x08000a1f   Thumb Code    52  h1_extend.o(.text)
    _ftell_internal                          0x08000a53   Thumb Code    66  ftell.o(.text)
    ftell                                    0x08000a53   Thumb Code     0  ftell.o(.text)
    __default_signal_display                 0x08000a95   Thumb Code    50  defsig_general.o(.text)
    __rt_SIGRTMEM                            0x08000ac7   Thumb Code    14  defsig_rtmem_outer.o(.text)
    _ttywrch                                 0x08000ad5   Thumb Code    14  sys_wrch.o(.text)
    __aeabi_errno_addr                       0x08000ae5   Thumb Code     8  rt_errno_addr_intlibspace.o(.text)
    __errno$intlibspace                      0x08000ae5   Thumb Code     0  rt_errno_addr_intlibspace.o(.text)
    __rt_errno_addr$intlibspace              0x08000ae5   Thumb Code     0  rt_errno_addr_intlibspace.o(.text)
    __rt_SIGRTMEM_inner                      0x08000aed   Thumb Code    22  defsig_rtmem_inner.o(.text)
    BusFault_Handler                         0x08000b4f   Thumb Code     2  stm32f1xx_it.o(i.BusFault_Handler)
    DELAY_TIM_Init                           0x08000b51   Thumb Code     4  delay_timer.o(i.DELAY_TIM_Init)
    DELAY_TIM_Us                             0x08000b55   Thumb Code    16  delay_timer.o(i.DELAY_TIM_Us)
    DHT_Init                                 0x08000b6b   Thumb Code    40  dht.o(i.DHT_Init)
    DHT_ReadTempHum                          0x08000bf5   Thumb Code   104  dht.o(i.DHT_ReadTempHum)
    DS3231_GetDate                           0x08000ced   Thumb Code    62  ds3231.o(i.DS3231_GetDate)
    DS3231_GetTime                           0x08000d2b   Thumb Code    54  ds3231.o(i.DS3231_GetTime)
    DS3231_Init                              0x08000d61   Thumb Code     4  ds3231.o(i.DS3231_Init)
    DebugMon_Handler                         0x08000d65   Thumb Code     2  stm32f1xx_it.o(i.DebugMon_Handler)
    EXTI0_IRQHandler                         0x08000d67   Thumb Code     6  stm32f1xx_it.o(i.EXTI0_IRQHandler)
    EXTI1_IRQHandler                         0x08000d6d   Thumb Code     6  stm32f1xx_it.o(i.EXTI1_IRQHandler)
    EXTI2_IRQHandler                         0x08000d73   Thumb Code     6  stm32f1xx_it.o(i.EXTI2_IRQHandler)
    EXTI3_IRQHandler                         0x08000d79   Thumb Code     6  stm32f1xx_it.o(i.EXTI3_IRQHandler)
    FAN_PWM                                  0x08000d7f   Thumb Code    64  fan.o(i.FAN_PWM)
    HAL_Delay                                0x08000dc1   Thumb Code    32  stm32f1xx_hal.o(i.HAL_Delay)
    HAL_GPIO_EXTI_Callback                   0x08000de5   Thumb Code    56  callback.o(i.HAL_GPIO_EXTI_Callback)
    HAL_GPIO_EXTI_IRQHandler                 0x08000e25   Thumb Code    18  stm32f1xx_hal_gpio.o(i.HAL_GPIO_EXTI_IRQHandler)
    HAL_GPIO_Init                            0x08000e3d   Thumb Code   446  stm32f1xx_hal_gpio.o(i.HAL_GPIO_Init)
    HAL_GPIO_ReadPin                         0x0800101d   Thumb Code    10  stm32f1xx_hal_gpio.o(i.HAL_GPIO_ReadPin)
    HAL_GPIO_WritePin                        0x08001027   Thumb Code    10  stm32f1xx_hal_gpio.o(i.HAL_GPIO_WritePin)
    HAL_GetTick                              0x08001031   Thumb Code     6  stm32f1xx_hal.o(i.HAL_GetTick)
    HAL_I2C_Init                             0x0800103d   Thumb Code   376  stm32f1xx_hal_i2c.o(i.HAL_I2C_Init)
    HAL_I2C_Mem_Read                         0x080011c5   Thumb Code   574  stm32f1xx_hal_i2c.o(i.HAL_I2C_Mem_Read)
    HAL_I2C_MspInit                          0x08001415   Thumb Code    80  stm32f1xx_hal_msp.o(i.HAL_I2C_MspInit)
    HAL_IncTick                              0x08001471   Thumb Code    12  stm32f1xx_hal.o(i.HAL_IncTick)
    HAL_Init                                 0x08001481   Thumb Code    32  stm32f1xx_hal.o(i.HAL_Init)
    HAL_InitTick                             0x080014a5   Thumb Code    54  stm32f1xx_hal.o(i.HAL_InitTick)
    HAL_MspInit                              0x080014e5   Thumb Code    52  stm32f1xx_hal_msp.o(i.HAL_MspInit)
    HAL_NVIC_EnableIRQ                       0x08001521   Thumb Code    26  stm32f1xx_hal_cortex.o(i.HAL_NVIC_EnableIRQ)
    HAL_NVIC_SetPriority                     0x0800153d   Thumb Code    60  stm32f1xx_hal_cortex.o(i.HAL_NVIC_SetPriority)
    HAL_NVIC_SetPriorityGrouping             0x0800157d   Thumb Code    26  stm32f1xx_hal_cortex.o(i.HAL_NVIC_SetPriorityGrouping)
    HAL_RCC_ClockConfig                      0x080015a1   Thumb Code   280  stm32f1xx_hal_rcc.o(i.HAL_RCC_ClockConfig)
    HAL_RCC_GetPCLK1Freq                     0x080016cd   Thumb Code    20  stm32f1xx_hal_rcc.o(i.HAL_RCC_GetPCLK1Freq)
    HAL_RCC_GetPCLK2Freq                     0x080016ed   Thumb Code    20  stm32f1xx_hal_rcc.o(i.HAL_RCC_GetPCLK2Freq)
    HAL_RCC_GetSysClockFreq                  0x0800170d   Thumb Code    58  stm32f1xx_hal_rcc.o(i.HAL_RCC_GetSysClockFreq)
    HAL_RCC_OscConfig                        0x08001759   Thumb Code   778  stm32f1xx_hal_rcc.o(i.HAL_RCC_OscConfig)
    HAL_SYSTICK_Config                       0x08001a79   Thumb Code    40  stm32f1xx_hal_cortex.o(i.HAL_SYSTICK_Config)
    HAL_TIMEx_BreakCallback                  0x08001aa1   Thumb Code     2  stm32f1xx_hal_tim_ex.o(i.HAL_TIMEx_BreakCallback)
    HAL_TIMEx_CommutCallback                 0x08001aa3   Thumb Code     2  stm32f1xx_hal_tim_ex.o(i.HAL_TIMEx_CommutCallback)
    HAL_TIMEx_MasterConfigSynchronization    0x08001aa5   Thumb Code    92  stm32f1xx_hal_tim_ex.o(i.HAL_TIMEx_MasterConfigSynchronization)
    HAL_TIM_Base_Init                        0x08001b0d   Thumb Code    90  stm32f1xx_hal_tim.o(i.HAL_TIM_Base_Init)
    HAL_TIM_Base_MspInit                     0x08001b69   Thumb Code    72  stm32f1xx_hal_msp.o(i.HAL_TIM_Base_MspInit)
    HAL_TIM_Base_Start                       0x08001bbd   Thumb Code    66  stm32f1xx_hal_tim.o(i.HAL_TIM_Base_Start)
    HAL_TIM_ConfigClockSource                0x08001c0d   Thumb Code   220  stm32f1xx_hal_tim.o(i.HAL_TIM_ConfigClockSource)
    HAL_TIM_IC_CaptureCallback               0x08001ce9   Thumb Code    86  ir.o(i.HAL_TIM_IC_CaptureCallback)
    HAL_TIM_IC_ConfigChannel                 0x08001d45   Thumb Code   292  stm32f1xx_hal_tim.o(i.HAL_TIM_IC_ConfigChannel)
    HAL_TIM_IC_Init                          0x08001e69   Thumb Code    90  stm32f1xx_hal_tim.o(i.HAL_TIM_IC_Init)
    HAL_TIM_IC_MspInit                       0x08001ec3   Thumb Code     2  stm32f1xx_hal_tim.o(i.HAL_TIM_IC_MspInit)
    HAL_TIM_IRQHandler                       0x08001ec5   Thumb Code   358  stm32f1xx_hal_tim.o(i.HAL_TIM_IRQHandler)
    HAL_TIM_MspPostInit                      0x0800202d   Thumb Code   114  stm32f1xx_hal_msp.o(i.HAL_TIM_MspPostInit)
    HAL_TIM_OC_DelayElapsedCallback          0x080020b1   Thumb Code     2  stm32f1xx_hal_tim.o(i.HAL_TIM_OC_DelayElapsedCallback)
    HAL_TIM_PWM_ConfigChannel                0x080020b3   Thumb Code   204  stm32f1xx_hal_tim.o(i.HAL_TIM_PWM_ConfigChannel)
    HAL_TIM_PWM_Init                         0x0800217f   Thumb Code    90  stm32f1xx_hal_tim.o(i.HAL_TIM_PWM_Init)
    HAL_TIM_PWM_MspInit                      0x080021d9   Thumb Code   108  stm32f1xx_hal_msp.o(i.HAL_TIM_PWM_MspInit)
    HAL_TIM_PWM_PulseFinishedCallback        0x08002251   Thumb Code     2  stm32f1xx_hal_tim.o(i.HAL_TIM_PWM_PulseFinishedCallback)
    HAL_TIM_PeriodElapsedCallback            0x08002255   Thumb Code    52  callback.o(i.HAL_TIM_PeriodElapsedCallback)
    HAL_TIM_ReadCapturedValue                0x08002295   Thumb Code    42  stm32f1xx_hal_tim.o(i.HAL_TIM_ReadCapturedValue)
    HAL_TIM_TriggerCallback                  0x080022bf   Thumb Code     2  stm32f1xx_hal_tim.o(i.HAL_TIM_TriggerCallback)
    HAL_UART_Init                            0x080022c1   Thumb Code   100  stm32f1xx_hal_uart.o(i.HAL_UART_Init)
    HAL_UART_MspInit                         0x08002325   Thumb Code   100  stm32f1xx_hal_msp.o(i.HAL_UART_MspInit)
    HAL_UART_Transmit                        0x08002395   Thumb Code   154  stm32f1xx_hal_uart.o(i.HAL_UART_Transmit)
    HardFault_Handler                        0x0800242f   Thumb Code     2  stm32f1xx_it.o(i.HardFault_Handler)
    LED7SEG_ConvertInt                       0x0800276f   Thumb Code   132  led7seg.o(i.LED7SEG_ConvertInt)
    LED7SEG_Scan4Led                         0x080027f5   Thumb Code   180  led7seg.o(i.LED7SEG_Scan4Led)
    LED7SEG_WriteOneNumber                   0x080028b1   Thumb Code   126  led7seg.o(i.LED7SEG_WriteOneNumber)
    LED7_Test                                0x08002941   Thumb Code    52  function.o(i.LED7_Test)
    MemManage_Handler                        0x08002c21   Thumb Code     2  stm32f1xx_it.o(i.MemManage_Handler)
    NMI_Handler                              0x08002c23   Thumb Code     2  stm32f1xx_it.o(i.NMI_Handler)
    PendSV_Handler                           0x08002c25   Thumb Code     2  stm32f1xx_it.o(i.PendSV_Handler)
    SVC_Handler                              0x08002c27   Thumb Code     2  stm32f1xx_it.o(i.SVC_Handler)
    SysTick_Handler                          0x08002c29   Thumb Code     4  stm32f1xx_it.o(i.SysTick_Handler)
    SystemClock_Config                       0x08002c2d   Thumb Code    94  main.o(i.SystemClock_Config)
    SystemInit                               0x08002c8b   Thumb Code     2  system_stm32f1xx.o(i.SystemInit)
    TIM2_IRQHandler                          0x08002c8d   Thumb Code     6  stm32f1xx_it.o(i.TIM2_IRQHandler)
    TIM3_IRQHandler                          0x08002c99   Thumb Code     6  stm32f1xx_it.o(i.TIM3_IRQHandler)
    TIM_Base_SetConfig                       0x08002ca5   Thumb Code    94  stm32f1xx_hal_tim.o(i.TIM_Base_SetConfig)
    TIM_ETR_SetConfig                        0x08002d11   Thumb Code    20  stm32f1xx_hal_tim.o(i.TIM_ETR_SetConfig)
    TIM_OC2_SetConfig                        0x08002d85   Thumb Code    84  stm32f1xx_hal_tim.o(i.TIM_OC2_SetConfig)
    TIM_TI1_SetConfig                        0x08002e9d   Thumb Code    76  stm32f1xx_hal_tim.o(i.TIM_TI1_SetConfig)
    UsageFault_Handler                       0x08003081   Thumb Code     2  stm32f1xx_it.o(i.UsageFault_Handler)
    button_handle                            0x080030a5   Thumb Code   166  function.o(i.button_handle)
    button_scan                              0x08003169   Thumb Code     2  function.o(i.button_scan)
    fputc                                    0x0800316d   Thumb Code    20  main.o(i.fputc)
    led7_display                             0x08003185   Thumb Code    78  function.o(i.led7_display)
    main                                     0x080031d9   Thumb Code   200  main.o(i.main)
    map_fan                                  0x080032d1   Thumb Code    20  fan.o(i.map_fan)
    save_setting                             0x080032e5   Thumb Code     6  function.o(i.save_setting)
    sensor_handle                            0x08003301   Thumb Code    22  function.o(i.sensor_handle)
    sensor_read                              0x0800331d   Thumb Code    34  function.o(i.sensor_read)
    __aeabi_d2f                              0x08003359   Thumb Code     0  d2f.o(x$fpl$d2f)
    _d2f                                     0x08003359   Thumb Code    98  d2f.o(x$fpl$d2f)
    __aeabi_ddiv                             0x080033bd   Thumb Code     0  ddiv.o(x$fpl$ddiv)
    _ddiv                                    0x080033bd   Thumb Code   552  ddiv.o(x$fpl$ddiv)
    __aeabi_ui2d                             0x0800366d   Thumb Code     0  dflt_clz.o(x$fpl$dfltu)
    _dfltu                                   0x0800366d   Thumb Code    38  dflt_clz.o(x$fpl$dfltu)
    __fpl_dnaninf                            0x08003693   Thumb Code   156  dnaninf.o(x$fpl$dnaninf)
    __fpl_dretinf                            0x0800372f   Thumb Code    12  dretinf.o(x$fpl$dretinf)
    __fpl_fretinf                            0x0800373b   Thumb Code    10  fretinf.o(x$fpl$fretinf)
    __I$use$fp                               0x08003744   Number         0  usenofp.o(x$fpl$usenofp)
    AHBPrescTable                            0x08003756   Data          16  system_stm32f1xx.o(.constdata)
    APBPrescTable                            0x08003766   Data           8  system_stm32f1xx.o(.constdata)
    __stdin_name                             0x0800376e   Data           4  sys_io.o(.constdata)
    __stdout_name                            0x08003772   Data           4  sys_io.o(.constdata)
    __stderr_name                            0x08003776   Data           4  sys_io.o(.constdata)
    Region$$Table$$Base                      0x0800377c   Number         0  anon$$obj.o(Region$$Table)
    Region$$Table$$Limit                     0x0800379c   Number         0  anon$$obj.o(Region$$Table)
    count                                    0x20000000   Data           1  led7seg.o(.data)
    number_convert                           0x20000001   Data           5  led7seg.o(.data)
    AnodeNumber                              0x20000006   Data          11  led7seg.o(.data)
    counter_command                          0x20000014   Data           1  ir.o(.data)
    flag_ReadDone                            0x20000015   Data           1  ir.o(.data)
    Time1                                    0x20000016   Data           2  ir.o(.data)
    Time2                                    0x20000018   Data           2  ir.o(.data)
    Period                                   0x2000001a   Data           2  ir.o(.data)
    command                                  0x2000001c   Data           4  ir.o(.data)
    hex_ir                                   0x20000020   Data           4  ir.o(.data)
    poiter_setting                           0x20000024   Data           1  function.o(.data)
    poiter_run                               0x20000025   Data           1  function.o(.data)
    mode                                     0x20000026   Data           1  function.o(.data)
    temp                                     0x20000027   Data           1  function.o(.data)
    temp_setting                             0x20000028   Data           1  function.o(.data)
    humi                                     0x20000029   Data           1  function.o(.data)
    humi_setting                             0x2000002a   Data           1  function.o(.data)
    time_rtc                                 0x2000002b   Data           1  function.o(.data)
    date_rtc                                 0x2000002c   Data           1  function.o(.data)
    time_rotate_setting                      0x2000002d   Data           1  function.o(.data)
    time_complete_setting                    0x2000002e   Data           1  function.o(.data)
    FAN                                      0x20000030   Data           8  function.o(.data)
    button_count                             0x20000038   Data           1  callback.o(.data)
    bt_press                                 0x20000039   Data           1  callback.o(.data)
    time_display_count                       0x2000003c   Data           4  callback.o(.data)
    button_timout                            0x20000040   Data           4  callback.o(.data)
    pre_button_timout                        0x20000044   Data           4  callback.o(.data)
    uwTickFreq                               0x20000048   Data           1  stm32f1xx_hal.o(.data)
    uwTickPrio                               0x2000004c   Data           4  stm32f1xx_hal.o(.data)
    uwTick                                   0x20000050   Data           4  stm32f1xx_hal.o(.data)
    SystemCoreClock                          0x20000054   Data           4  system_stm32f1xx.o(.data)
    __aeabi_stdin                            0x20000058   Data           4  stdio_streams.o(.data)
    __aeabi_stdout                           0x2000005c   Data           4  stdio_streams.o(.data)
    __aeabi_stderr                           0x20000060   Data           4  stdio_streams.o(.data)
    DS3231                                   0x20000064   Data          28  function.o(.bss)
    DHT                                      0x20000080   Data          24  function.o(.bss)
    hi2c1                                    0x20000098   Data          84  main.o(.bss)
    htim2                                    0x200000ec   Data          72  main.o(.bss)
    htim3                                    0x20000134   Data          72  main.o(.bss)
    htim4                                    0x2000017c   Data          72  main.o(.bss)
    huart1                                   0x200001c4   Data          72  main.o(.bss)
    __stdin                                  0x2000020c   Data          84  stdio_streams.o(.bss)
    __stdout                                 0x20000260   Data          84  stdio_streams.o(.bss)
    __stderr                                 0x200002b4   Data          84  stdio_streams.o(.bss)
    __libspace_start                         0x20000308   Data          96  libspace.o(.bss)
    __temporary_stack_top$libspace           0x20000368   Data           0  libspace.o(.bss)



==============================================================================

Memory Map of the image

  Image Entry point : 0x080000ed

  Load Region LR_IROM1 (Base: 0x08000000, Size: 0x00003800, Max: 0x00010000, ABSOLUTE)

    Execution Region ER_IROM1 (Exec base: 0x08000000, Load base: 0x08000000, Size: 0x0000379c, Max: 0x00010000, ABSOLUTE)

    Exec Addr    Load Addr    Size         Type   Attr      Idx    E Section Name        Object

    0x08000000   0x08000000   0x000000ec   Data   RO            3    RESET               startup_stm32f103xb.o
    0x080000ec   0x080000ec   0x00000008   Code   RO         3856  * !!!main             c_w.l(__main.o)
    0x080000f4   0x080000f4   0x00000034   Code   RO         4193    !!!scatter          c_w.l(__scatter.o)
    0x08000128   0x08000128   0x0000001a   Code   RO         4195    !!handler_copy      c_w.l(__scatter_copy.o)
    0x08000142   0x08000142   0x00000002   PAD
    0x08000144   0x08000144   0x0000001c   Code   RO         4197    !!handler_zi        c_w.l(__scatter_zi.o)
    0x08000160   0x08000160   0x00000002   Code   RO         4000    .ARM.Collect$$libinit$$00000000  c_w.l(libinit.o)
    0x08000162   0x08000162   0x00000000   Code   RO         4002    .ARM.Collect$$libinit$$00000002  c_w.l(libinit2.o)
    0x08000162   0x08000162   0x00000000   Code   RO         4004    .ARM.Collect$$libinit$$00000004  c_w.l(libinit2.o)
    0x08000162   0x08000162   0x00000008   Code   RO         4005    .ARM.Collect$$libinit$$00000005  c_w.l(libinit2.o)
    0x0800016a   0x0800016a   0x00000000   Code   RO         4007    .ARM.Collect$$libinit$$0000000A  c_w.l(libinit2.o)
    0x0800016a   0x0800016a   0x00000000   Code   RO         4009    .ARM.Collect$$libinit$$0000000C  c_w.l(libinit2.o)
    0x0800016a   0x0800016a   0x00000000   Code   RO         4011    .ARM.Collect$$libinit$$0000000E  c_w.l(libinit2.o)
    0x0800016a   0x0800016a   0x00000000   Code   RO         4014    .ARM.Collect$$libinit$$00000011  c_w.l(libinit2.o)
    0x0800016a   0x0800016a   0x00000000   Code   RO         4016    .ARM.Collect$$libinit$$00000013  c_w.l(libinit2.o)
    0x0800016a   0x0800016a   0x00000000   Code   RO         4018    .ARM.Collect$$libinit$$00000015  c_w.l(libinit2.o)
    0x0800016a   0x0800016a   0x00000000   Code   RO         4020    .ARM.Collect$$libinit$$00000017  c_w.l(libinit2.o)
    0x0800016a   0x0800016a   0x00000000   Code   RO         4022    .ARM.Collect$$libinit$$00000019  c_w.l(libinit2.o)
    0x0800016a   0x0800016a   0x00000000   Code   RO         4024    .ARM.Collect$$libinit$$0000001B  c_w.l(libinit2.o)
    0x0800016a   0x0800016a   0x00000000   Code   RO         4026    .ARM.Collect$$libinit$$0000001D  c_w.l(libinit2.o)
    0x0800016a   0x0800016a   0x00000000   Code   RO         4028    .ARM.Collect$$libinit$$0000001F  c_w.l(libinit2.o)
    0x0800016a   0x0800016a   0x00000000   Code   RO         4030    .ARM.Collect$$libinit$$00000021  c_w.l(libinit2.o)
    0x0800016a   0x0800016a   0x00000000   Code   RO         4032    .ARM.Collect$$libinit$$00000023  c_w.l(libinit2.o)
    0x0800016a   0x0800016a   0x00000004   Code   RO         4033    .ARM.Collect$$libinit$$00000024  c_w.l(libinit2.o)
    0x0800016e   0x0800016e   0x00000000   Code   RO         4034    .ARM.Collect$$libinit$$00000025  c_w.l(libinit2.o)
    0x0800016e   0x0800016e   0x00000000   Code   RO         4038    .ARM.Collect$$libinit$$0000002C  c_w.l(libinit2.o)
    0x0800016e   0x0800016e   0x00000000   Code   RO         4040    .ARM.Collect$$libinit$$0000002E  c_w.l(libinit2.o)
    0x0800016e   0x0800016e   0x00000000   Code   RO         4042    .ARM.Collect$$libinit$$00000030  c_w.l(libinit2.o)
    0x0800016e   0x0800016e   0x00000000   Code   RO         4044    .ARM.Collect$$libinit$$00000032  c_w.l(libinit2.o)
    0x0800016e   0x0800016e   0x00000002   Code   RO         4045    .ARM.Collect$$libinit$$00000033  c_w.l(libinit2.o)
    0x08000170   0x08000170   0x00000002   Code   RO         4172    .ARM.Collect$$libshutdown$$00000000  c_w.l(libshutdown.o)
    0x08000172   0x08000172   0x00000000   Code   RO         4047    .ARM.Collect$$libshutdown$$00000002  c_w.l(libshutdown2.o)
    0x08000172   0x08000172   0x00000004   Code   RO         4048    .ARM.Collect$$libshutdown$$00000003  c_w.l(libshutdown2.o)
    0x08000176   0x08000176   0x00000000   Code   RO         4049    .ARM.Collect$$libshutdown$$00000004  c_w.l(libshutdown2.o)
    0x08000176   0x08000176   0x00000000   Code   RO         4052    .ARM.Collect$$libshutdown$$00000007  c_w.l(libshutdown2.o)
    0x08000176   0x08000176   0x00000000   Code   RO         4055    .ARM.Collect$$libshutdown$$0000000A  c_w.l(libshutdown2.o)
    0x08000176   0x08000176   0x00000000   Code   RO         4057    .ARM.Collect$$libshutdown$$0000000C  c_w.l(libshutdown2.o)
    0x08000176   0x08000176   0x00000000   Code   RO         4060    .ARM.Collect$$libshutdown$$0000000F  c_w.l(libshutdown2.o)
    0x08000176   0x08000176   0x00000002   Code   RO         4061    .ARM.Collect$$libshutdown$$00000010  c_w.l(libshutdown2.o)
    0x08000178   0x08000178   0x00000000   Code   RO         3870    .ARM.Collect$$rtentry$$00000000  c_w.l(__rtentry.o)
    0x08000178   0x08000178   0x00000000   Code   RO         3887    .ARM.Collect$$rtentry$$00000002  c_w.l(__rtentry2.o)
    0x08000178   0x08000178   0x00000006   Code   RO         3899    .ARM.Collect$$rtentry$$00000004  c_w.l(__rtentry4.o)
    0x0800017e   0x0800017e   0x00000000   Code   RO         3889    .ARM.Collect$$rtentry$$00000009  c_w.l(__rtentry2.o)
    0x0800017e   0x0800017e   0x00000004   Code   RO         3890    .ARM.Collect$$rtentry$$0000000A  c_w.l(__rtentry2.o)
    0x08000182   0x08000182   0x00000000   Code   RO         3892    .ARM.Collect$$rtentry$$0000000C  c_w.l(__rtentry2.o)
    0x08000182   0x08000182   0x00000008   Code   RO         3893    .ARM.Collect$$rtentry$$0000000D  c_w.l(__rtentry2.o)
    0x0800018a   0x0800018a   0x00000002   Code   RO         4068    .ARM.Collect$$rtexit$$00000000  c_w.l(rtexit.o)
    0x0800018c   0x0800018c   0x00000000   Code   RO         4118    .ARM.Collect$$rtexit$$00000002  c_w.l(rtexit2.o)
    0x0800018c   0x0800018c   0x00000004   Code   RO         4119    .ARM.Collect$$rtexit$$00000003  c_w.l(rtexit2.o)
    0x08000190   0x08000190   0x00000006   Code   RO         4120    .ARM.Collect$$rtexit$$00000004  c_w.l(rtexit2.o)
    0x08000196   0x08000196   0x00000002   PAD
    0x08000198   0x08000198   0x00000000   Code   RO         4124    .emb_text           c_w.l(maybetermalloc1.o)
    0x08000198   0x08000198   0x00000040   Code   RO            4    .text               startup_stm32f103xb.o
    0x080001d8   0x080001d8   0x00000018   Code   RO         3850    .text               c_w.l(noretval__2printf.o)
    0x080001f0   0x080001f0   0x0000004e   Code   RO         3852    .text               c_w.l(rt_memclr_w.o)
    0x0800023e   0x0800023e   0x00000006   Code   RO         3854    .text               c_w.l(heapauxi.o)
    0x08000244   0x08000244   0x00000024   Code   RO         3871    .text               c_w.l(_printf_char_file.o)
    0x08000268   0x08000268   0x00000030   Code   RO         3901    .text               c_w.l(_printf_char_common.o)
    0x08000298   0x08000298   0x00000008   Code   RO         3903    .text               c_w.l(ferror.o)
    0x080002a0   0x080002a0   0x00000138   Code   RO         3905    .text               c_w.l(initio.o)
    0x080003d8   0x080003d8   0x00000066   Code   RO         3911    .text               c_w.l(sys_io.o)
    0x0800043e   0x0800043e   0x0000004a   Code   RO         3918    .text               c_w.l(sys_stackheap_outer.o)
    0x08000488   0x08000488   0x0000004e   Code   RO         3922    .text               c_w.l(h1_free.o)
    0x080004d6   0x080004d6   0x00000028   Code   RO         3976    .text               c_w.l(__printf_nopercent.o)
    0x080004fe   0x080004fe   0x00000046   Code   RO         3978    .text               c_w.l(setvbuf.o)
    0x08000544   0x08000544   0x000000ec   Code   RO         3981    .text               c_w.l(fopen.o)
    0x08000630   0x08000630   0x0000004c   Code   RO         3983    .text               c_w.l(fclose.o)
    0x0800067c   0x0800067c   0x00000012   Code   RO         3989    .text               c_w.l(exit.o)
    0x0800068e   0x0800068e   0x0000000e   Code   RO         3991    .text               c_w.l(defsig_rtred_outer.o)
    0x0800069c   0x0800069c   0x00000008   Code   RO         4062    .text               c_w.l(libspace.o)
    0x080006a4   0x080006a4   0x00000002   Code   RO         4065    .text               c_w.l(use_no_semi.o)
    0x080006a6   0x080006a6   0x00000000   Code   RO         4067    .text               c_w.l(indicate_semi.o)
    0x080006a6   0x080006a6   0x00000002   PAD
    0x080006a8   0x080006a8   0x00000008   Code   RO         4075    .text               c_w.l(rt_heap_descriptor_intlibspace.o)
    0x080006b0   0x080006b0   0x00000004   Code   RO         4077    .text               c_w.l(hguard.o)
    0x080006b4   0x080006b4   0x0000008a   Code   RO         4079    .text               c_w.l(init_alloc.o)
    0x0800073e   0x0800073e   0x0000005e   Code   RO         4085    .text               c_w.l(h1_alloc.o)
    0x0800079c   0x0800079c   0x000000f8   Code   RO         4099    .text               c_w.l(fseek.o)
    0x08000894   0x08000894   0x000000f0   Code   RO         4101    .text               c_w.l(stdio.o)
    0x08000984   0x08000984   0x0000000a   Code   RO         4103    .text               c_w.l(defsig_exit.o)
    0x0800098e   0x0800098e   0x00000002   PAD
    0x08000990   0x08000990   0x00000034   Code   RO         4105    .text               c_w.l(defsig_rtred_inner.o)
    0x080009c4   0x080009c4   0x0000003e   Code   RO         4107    .text               c_w.l(strlen.o)
    0x08000a02   0x08000a02   0x00000002   PAD
    0x08000a04   0x08000a04   0x0000000c   Code   RO         4115    .text               c_w.l(sys_exit.o)
    0x08000a10   0x08000a10   0x0000000e   Code   RO         4126    .text               c_w.l(h1_init.o)
    0x08000a1e   0x08000a1e   0x00000034   Code   RO         4128    .text               c_w.l(h1_extend.o)
    0x08000a52   0x08000a52   0x00000042   Code   RO         4134    .text               c_w.l(ftell.o)
    0x08000a94   0x08000a94   0x00000032   Code   RO         4138    .text               c_w.l(defsig_general.o)
    0x08000ac6   0x08000ac6   0x0000000e   Code   RO         4140    .text               c_w.l(defsig_rtmem_outer.o)
    0x08000ad4   0x08000ad4   0x0000000e   Code   RO         4153    .text               c_w.l(sys_wrch.o)
    0x08000ae2   0x08000ae2   0x00000002   PAD
    0x08000ae4   0x08000ae4   0x00000008   Code   RO         4160    .text               c_w.l(rt_errno_addr_intlibspace.o)
    0x08000aec   0x08000aec   0x00000050   Code   RO         4166    .text               c_w.l(defsig_rtmem_inner.o)
    0x08000b3c   0x08000b3c   0x00000012   Code   RO          329    i.BCD2DEC           ds3231.o
    0x08000b4e   0x08000b4e   0x00000002   Code   RO          833    i.BusFault_Handler  stm32f1xx_it.o
    0x08000b50   0x08000b50   0x00000004   Code   RO          396    i.DELAY_TIM_Init    delay_timer.o
    0x08000b54   0x08000b54   0x00000010   Code   RO          398    i.DELAY_TIM_Us      delay_timer.o
    0x08000b64   0x08000b64   0x00000006   Code   RO          225    i.DHT_DelayUs       dht.o
    0x08000b6a   0x08000b6a   0x00000028   Code   RO          226    i.DHT_Init          dht.o
    0x08000b92   0x08000b92   0x00000058   Code   RO          227    i.DHT_Read          dht.o
    0x08000bea   0x08000bea   0x00000008   Code   RO          228    i.DHT_ReadPin       dht.o
    0x08000bf2   0x08000bf2   0x00000002   PAD
    0x08000bf4   0x08000bf4   0x0000006c   Code   RO          229    i.DHT_ReadTempHum   dht.o
    0x08000c60   0x08000c60   0x0000001e   Code   RO          230    i.DHT_SetPinIn      dht.o
    0x08000c7e   0x08000c7e   0x0000006e   Code   RO          231    i.DHT_Start         dht.o
    0x08000cec   0x08000cec   0x0000003e   Code   RO          331    i.DS3231_GetDate    ds3231.o
    0x08000d2a   0x08000d2a   0x00000036   Code   RO          332    i.DS3231_GetTime    ds3231.o
    0x08000d60   0x08000d60   0x00000004   Code   RO          333    i.DS3231_Init       ds3231.o
    0x08000d64   0x08000d64   0x00000002   Code   RO          834    i.DebugMon_Handler  stm32f1xx_it.o
    0x08000d66   0x08000d66   0x00000006   Code   RO          835    i.EXTI0_IRQHandler  stm32f1xx_it.o
    0x08000d6c   0x08000d6c   0x00000006   Code   RO          836    i.EXTI1_IRQHandler  stm32f1xx_it.o
    0x08000d72   0x08000d72   0x00000006   Code   RO          837    i.EXTI2_IRQHandler  stm32f1xx_it.o
    0x08000d78   0x08000d78   0x00000006   Code   RO          838    i.EXTI3_IRQHandler  stm32f1xx_it.o
    0x08000d7e   0x08000d7e   0x00000040   Code   RO          514    i.FAN_PWM           fan.o
    0x08000dbe   0x08000dbe   0x00000002   PAD
    0x08000dc0   0x08000dc0   0x00000024   Code   RO         1503    i.HAL_Delay         stm32f1xx_hal.o
    0x08000de4   0x08000de4   0x00000040   Code   RO          727    i.HAL_GPIO_EXTI_Callback  callback.o
    0x08000e24   0x08000e24   0x00000018   Code   RO         1812    i.HAL_GPIO_EXTI_IRQHandler  stm32f1xx_hal_gpio.o
    0x08000e3c   0x08000e3c   0x000001e0   Code   RO         1813    i.HAL_GPIO_Init     stm32f1xx_hal_gpio.o
    0x0800101c   0x0800101c   0x0000000a   Code   RO         1815    i.HAL_GPIO_ReadPin  stm32f1xx_hal_gpio.o
    0x08001026   0x08001026   0x0000000a   Code   RO         1817    i.HAL_GPIO_WritePin  stm32f1xx_hal_gpio.o
    0x08001030   0x08001030   0x0000000c   Code   RO         1507    i.HAL_GetTick       stm32f1xx_hal.o
    0x0800103c   0x0800103c   0x00000188   Code   RO         1070    i.HAL_I2C_Init      stm32f1xx_hal_i2c.o
    0x080011c4   0x080011c4   0x00000250   Code   RO         1088    i.HAL_I2C_Mem_Read  stm32f1xx_hal_i2c.o
    0x08001414   0x08001414   0x0000005c   Code   RO          946    i.HAL_I2C_MspInit   stm32f1xx_hal_msp.o
    0x08001470   0x08001470   0x00000010   Code   RO         1513    i.HAL_IncTick       stm32f1xx_hal.o
    0x08001480   0x08001480   0x00000024   Code   RO         1514    i.HAL_Init          stm32f1xx_hal.o
    0x080014a4   0x080014a4   0x00000040   Code   RO         1515    i.HAL_InitTick      stm32f1xx_hal.o
    0x080014e4   0x080014e4   0x0000003c   Code   RO          947    i.HAL_MspInit       stm32f1xx_hal_msp.o
    0x08001520   0x08001520   0x0000001a   Code   RO         1973    i.HAL_NVIC_EnableIRQ  stm32f1xx_hal_cortex.o
    0x0800153a   0x0800153a   0x00000002   PAD
    0x0800153c   0x0800153c   0x00000040   Code   RO         1979    i.HAL_NVIC_SetPriority  stm32f1xx_hal_cortex.o
    0x0800157c   0x0800157c   0x00000024   Code   RO         1980    i.HAL_NVIC_SetPriorityGrouping  stm32f1xx_hal_cortex.o
    0x080015a0   0x080015a0   0x0000012c   Code   RO         1671    i.HAL_RCC_ClockConfig  stm32f1xx_hal_rcc.o
    0x080016cc   0x080016cc   0x00000020   Code   RO         1678    i.HAL_RCC_GetPCLK1Freq  stm32f1xx_hal_rcc.o
    0x080016ec   0x080016ec   0x00000020   Code   RO         1679    i.HAL_RCC_GetPCLK2Freq  stm32f1xx_hal_rcc.o
    0x0800170c   0x0800170c   0x0000004c   Code   RO         1680    i.HAL_RCC_GetSysClockFreq  stm32f1xx_hal_rcc.o
    0x08001758   0x08001758   0x00000320   Code   RO         1683    i.HAL_RCC_OscConfig  stm32f1xx_hal_rcc.o
    0x08001a78   0x08001a78   0x00000028   Code   RO         1984    i.HAL_SYSTICK_Config  stm32f1xx_hal_cortex.o
    0x08001aa0   0x08001aa0   0x00000002   Code   RO         3179    i.HAL_TIMEx_BreakCallback  stm32f1xx_hal_tim_ex.o
    0x08001aa2   0x08001aa2   0x00000002   Code   RO         3180    i.HAL_TIMEx_CommutCallback  stm32f1xx_hal_tim_ex.o
    0x08001aa4   0x08001aa4   0x00000068   Code   RO         3198    i.HAL_TIMEx_MasterConfigSynchronization  stm32f1xx_hal_tim_ex.o
    0x08001b0c   0x08001b0c   0x0000005a   Code   RO         2475    i.HAL_TIM_Base_Init  stm32f1xx_hal_tim.o
    0x08001b66   0x08001b66   0x00000002   PAD
    0x08001b68   0x08001b68   0x00000054   Code   RO          949    i.HAL_TIM_Base_MspInit  stm32f1xx_hal_msp.o
    0x08001bbc   0x08001bbc   0x00000050   Code   RO         2478    i.HAL_TIM_Base_Start  stm32f1xx_hal_tim.o
    0x08001c0c   0x08001c0c   0x000000dc   Code   RO         2484    i.HAL_TIM_ConfigClockSource  stm32f1xx_hal_tim.o
    0x08001ce8   0x08001ce8   0x0000005c   Code   RO          432    i.HAL_TIM_IC_CaptureCallback  ir.o
    0x08001d44   0x08001d44   0x00000124   Code   RO         2511    i.HAL_TIM_IC_ConfigChannel  stm32f1xx_hal_tim.o
    0x08001e68   0x08001e68   0x0000005a   Code   RO         2514    i.HAL_TIM_IC_Init   stm32f1xx_hal_tim.o
    0x08001ec2   0x08001ec2   0x00000002   Code   RO         2516    i.HAL_TIM_IC_MspInit  stm32f1xx_hal_tim.o
    0x08001ec4   0x08001ec4   0x00000166   Code   RO         2523    i.HAL_TIM_IRQHandler  stm32f1xx_hal_tim.o
    0x0800202a   0x0800202a   0x00000002   PAD
    0x0800202c   0x0800202c   0x00000084   Code   RO          950    i.HAL_TIM_MspPostInit  stm32f1xx_hal_msp.o
    0x080020b0   0x080020b0   0x00000002   Code   RO         2526    i.HAL_TIM_OC_DelayElapsedCallback  stm32f1xx_hal_tim.o
    0x080020b2   0x080020b2   0x000000cc   Code   RO         2547    i.HAL_TIM_PWM_ConfigChannel  stm32f1xx_hal_tim.o
    0x0800217e   0x0800217e   0x0000005a   Code   RO         2550    i.HAL_TIM_PWM_Init  stm32f1xx_hal_tim.o
    0x080021d8   0x080021d8   0x00000078   Code   RO          952    i.HAL_TIM_PWM_MspInit  stm32f1xx_hal_msp.o
    0x08002250   0x08002250   0x00000002   Code   RO         2553    i.HAL_TIM_PWM_PulseFinishedCallback  stm32f1xx_hal_tim.o
    0x08002252   0x08002252   0x00000002   PAD
    0x08002254   0x08002254   0x00000040   Code   RO          728    i.HAL_TIM_PeriodElapsedCallback  callback.o
    0x08002294   0x08002294   0x0000002a   Code   RO         2563    i.HAL_TIM_ReadCapturedValue  stm32f1xx_hal_tim.o
    0x080022be   0x080022be   0x00000002   Code   RO         2566    i.HAL_TIM_TriggerCallback  stm32f1xx_hal_tim.o
    0x080022c0   0x080022c0   0x00000064   Code   RO         3476    i.HAL_UART_Init     stm32f1xx_hal_uart.o
    0x08002324   0x08002324   0x00000070   Code   RO          954    i.HAL_UART_MspInit  stm32f1xx_hal_msp.o
    0x08002394   0x08002394   0x0000009a   Code   RO         3484    i.HAL_UART_Transmit  stm32f1xx_hal_uart.o
    0x0800242e   0x0800242e   0x00000002   Code   RO          839    i.HardFault_Handler  stm32f1xx_it.o
    0x08002430   0x08002430   0x0000002e   Code   RO         1113    i.I2C_IsAcknowledgeFailed  stm32f1xx_hal_i2c.o
    0x0800245e   0x0800245e   0x00000002   PAD
    0x08002460   0x08002460   0x000000fc   Code   RO         1123    i.I2C_RequestMemoryRead  stm32f1xx_hal_i2c.o
    0x0800255c   0x0800255c   0x00000090   Code   RO         1129    i.I2C_WaitOnFlagUntilTimeout  stm32f1xx_hal_i2c.o
    0x080025ec   0x080025ec   0x000000bc   Code   RO         1130    i.I2C_WaitOnMasterAddressFlagUntilTimeout  stm32f1xx_hal_i2c.o
    0x080026a8   0x080026a8   0x00000070   Code   RO         1131    i.I2C_WaitOnRXNEFlagUntilTimeout  stm32f1xx_hal_i2c.o
    0x08002718   0x08002718   0x00000056   Code   RO         1132    i.I2C_WaitOnTXEFlagUntilTimeout  stm32f1xx_hal_i2c.o
    0x0800276e   0x0800276e   0x00000084   Code   RO          286    i.LED7SEG_ConvertInt  led7seg.o
    0x080027f2   0x080027f2   0x00000002   PAD
    0x080027f4   0x080027f4   0x000000bc   Code   RO          287    i.LED7SEG_Scan4Led  led7seg.o
    0x080028b0   0x080028b0   0x00000090   Code   RO          288    i.LED7SEG_WriteOneNumber  led7seg.o
    0x08002940   0x08002940   0x00000034   Code   RO          618    i.LED7_Test         function.o
    0x08002974   0x08002974   0x0000012c   Code   RO          765    i.MX_GPIO_Init      main.o
    0x08002aa0   0x08002aa0   0x000000b0   Code   RO          766    i.MX_TIM2_Init      main.o
    0x08002b50   0x08002b50   0x00000068   Code   RO          767    i.MX_TIM3_Init      main.o
    0x08002bb8   0x08002bb8   0x00000068   Code   RO          768    i.MX_TIM4_Init      main.o
    0x08002c20   0x08002c20   0x00000002   Code   RO          840    i.MemManage_Handler  stm32f1xx_it.o
    0x08002c22   0x08002c22   0x00000002   Code   RO          841    i.NMI_Handler       stm32f1xx_it.o
    0x08002c24   0x08002c24   0x00000002   Code   RO          842    i.PendSV_Handler    stm32f1xx_it.o
    0x08002c26   0x08002c26   0x00000002   Code   RO          843    i.SVC_Handler       stm32f1xx_it.o
    0x08002c28   0x08002c28   0x00000004   Code   RO          844    i.SysTick_Handler   stm32f1xx_it.o
    0x08002c2c   0x08002c2c   0x0000005e   Code   RO          769    i.SystemClock_Config  main.o
    0x08002c8a   0x08002c8a   0x00000002   Code   RO         3810    i.SystemInit        system_stm32f1xx.o
    0x08002c8c   0x08002c8c   0x0000000c   Code   RO          845    i.TIM2_IRQHandler   stm32f1xx_it.o
    0x08002c98   0x08002c98   0x0000000c   Code   RO          846    i.TIM3_IRQHandler   stm32f1xx_it.o
    0x08002ca4   0x08002ca4   0x0000006c   Code   RO         2568    i.TIM_Base_SetConfig  stm32f1xx_hal_tim.o
    0x08002d10   0x08002d10   0x00000014   Code   RO         2579    i.TIM_ETR_SetConfig  stm32f1xx_hal_tim.o
    0x08002d24   0x08002d24   0x00000010   Code   RO         2580    i.TIM_ITRx_SetConfig  stm32f1xx_hal_tim.o
    0x08002d34   0x08002d34   0x00000050   Code   RO         2581    i.TIM_OC1_SetConfig  stm32f1xx_hal_tim.o
    0x08002d84   0x08002d84   0x00000058   Code   RO         2582    i.TIM_OC2_SetConfig  stm32f1xx_hal_tim.o
    0x08002ddc   0x08002ddc   0x00000058   Code   RO         2583    i.TIM_OC3_SetConfig  stm32f1xx_hal_tim.o
    0x08002e34   0x08002e34   0x00000044   Code   RO         2584    i.TIM_OC4_SetConfig  stm32f1xx_hal_tim.o
    0x08002e78   0x08002e78   0x00000022   Code   RO         2586    i.TIM_TI1_ConfigInputStage  stm32f1xx_hal_tim.o
    0x08002e9a   0x08002e9a   0x00000002   PAD
    0x08002e9c   0x08002e9c   0x00000058   Code   RO         2587    i.TIM_TI1_SetConfig  stm32f1xx_hal_tim.o
    0x08002ef4   0x08002ef4   0x00000024   Code   RO         2588    i.TIM_TI2_ConfigInputStage  stm32f1xx_hal_tim.o
    0x08002f18   0x08002f18   0x00000036   Code   RO         2589    i.TIM_TI2_SetConfig  stm32f1xx_hal_tim.o
    0x08002f4e   0x08002f4e   0x00000002   PAD
    0x08002f50   0x08002f50   0x000000b8   Code   RO         3502    i.UART_SetConfig    stm32f1xx_hal_uart.o
    0x08003008   0x08003008   0x00000078   Code   RO         3505    i.UART_WaitOnFlagUntilTimeout  stm32f1xx_hal_uart.o
    0x08003080   0x08003080   0x00000002   Code   RO          847    i.UsageFault_Handler  stm32f1xx_it.o
    0x08003082   0x08003082   0x00000020   Code   RO         1986    i.__NVIC_SetPriority  stm32f1xx_hal_cortex.o
    0x080030a2   0x080030a2   0x00000002   PAD
    0x080030a4   0x080030a4   0x000000c4   Code   RO          619    i.button_handle     function.o
    0x08003168   0x08003168   0x00000002   Code   RO          620    i.button_scan       function.o
    0x0800316a   0x0800316a   0x00000002   PAD
    0x0800316c   0x0800316c   0x00000018   Code   RO          770    i.fputc             main.o
    0x08003184   0x08003184   0x00000054   Code   RO          622    i.led7_display      function.o
    0x080031d8   0x080031d8   0x000000f8   Code   RO          771    i.main              main.o
    0x080032d0   0x080032d0   0x00000014   Code   RO          515    i.map_fan           fan.o
    0x080032e4   0x080032e4   0x0000001c   Code   RO          623    i.save_setting      function.o
    0x08003300   0x08003300   0x0000001c   Code   RO          624    i.sensor_handle     function.o
    0x0800331c   0x0800331c   0x0000003c   Code   RO          625    i.sensor_read       function.o
    0x08003358   0x08003358   0x00000062   Code   RO         3858    x$fpl$d2f           fz_ws.l(d2f.o)
    0x080033ba   0x080033ba   0x00000002   PAD
    0x080033bc   0x080033bc   0x000002b0   Code   RO         3861    x$fpl$ddiv          fz_ws.l(ddiv.o)
    0x0800366c   0x0800366c   0x00000026   Code   RO         3864    x$fpl$dfltu         fz_ws.l(dflt_clz.o)
    0x08003692   0x08003692   0x0000009c   Code   RO         3879    x$fpl$dnaninf       fz_ws.l(dnaninf.o)
    0x0800372e   0x0800372e   0x0000000c   Code   RO         3881    x$fpl$dretinf       fz_ws.l(dretinf.o)
    0x0800373a   0x0800373a   0x0000000a   Code   RO         3883    x$fpl$fretinf       fz_ws.l(fretinf.o)
    0x08003744   0x08003744   0x00000000   Code   RO         3885    x$fpl$usenofp       fz_ws.l(usenofp.o)
    0x08003744   0x08003744   0x00000012   Data   RO         1684    .constdata          stm32f1xx_hal_rcc.o
    0x08003756   0x08003756   0x00000010   Data   RO         3811    .constdata          system_stm32f1xx.o
    0x08003766   0x08003766   0x00000008   Data   RO         3812    .constdata          system_stm32f1xx.o
    0x0800376e   0x0800376e   0x00000004   Data   RO         3912    .constdata          c_w.l(sys_io.o)
    0x08003772   0x08003772   0x00000004   Data   RO         3913    .constdata          c_w.l(sys_io.o)
    0x08003776   0x08003776   0x00000004   Data   RO         3914    .constdata          c_w.l(sys_io.o)
    0x0800377a   0x0800377a   0x00000002   PAD
    0x0800377c   0x0800377c   0x00000020   Data   RO         4191    Region$$Table       anon$$obj.o


    Execution Region RW_IRAM1 (Exec base: 0x20000000, Load base: 0x0800379c, Size: 0x00000968, Max: 0x00005000, ABSOLUTE)

    Exec Addr    Load Addr    Size         Type   Attr      Idx    E Section Name        Object

    0x20000000   0x0800379c   0x00000011   Data   RW          289    .data               led7seg.o
    0x20000011   0x080037ad   0x00000003   PAD
    0x20000014   0x080037b0   0x00000010   Data   RW          435    .data               ir.o
    0x20000024   0x080037c0   0x00000014   Data   RW          629    .data               function.o
    0x20000038   0x080037d4   0x00000010   Data   RW          729    .data               callback.o
    0x20000048   0x080037e4   0x0000000c   Data   RW         1521    .data               stm32f1xx_hal.o
    0x20000054   0x080037f0   0x00000004   Data   RW         3813    .data               system_stm32f1xx.o
    0x20000058   0x080037f4   0x00000004   Data   RW         3876    .data               c_w.l(stdio_streams.o)
    0x2000005c   0x080037f8   0x00000004   Data   RW         3877    .data               c_w.l(stdio_streams.o)
    0x20000060   0x080037fc   0x00000004   Data   RW         3878    .data               c_w.l(stdio_streams.o)
    0x20000064        -       0x00000034   Zero   RW          626    .bss                function.o
    0x20000098        -       0x00000174   Zero   RW          772    .bss                main.o
    0x2000020c        -       0x00000054   Zero   RW         3873    .bss                c_w.l(stdio_streams.o)
    0x20000260        -       0x00000054   Zero   RW         3874    .bss                c_w.l(stdio_streams.o)
    0x200002b4        -       0x00000054   Zero   RW         3875    .bss                c_w.l(stdio_streams.o)
    0x20000308        -       0x00000060   Zero   RW         4063    .bss                c_w.l(libspace.o)
    0x20000368        -       0x00000200   Zero   RW            2    HEAP                startup_stm32f103xb.o
    0x20000568        -       0x00000400   Zero   RW            1    STACK               startup_stm32f103xb.o


==============================================================================

Image component sizes


      Code (inc. data)   RO Data    RW Data    ZI Data      Debug   Object Name

         0          0          0          0          0     433256   button.o
       128         20          0         16          0       2921   callback.o
        20          0          0          0          0       1256   delay_timer.o
       390          4          0          0          0       4837   dht.o
       138          0          0          0          0       3004   ds3231.o
        84          0          0          0          0       1912   fan.o
       450         96          0         20         52      10075   function.o
        92          6          0         16          0       1603   ir.o
       464         26          0         17          0       3354   led7seg.o
      1050         98          0          0        372       4957   main.o
        64         26        236          0       1536        784   startup_stm32f103xb.o
       164         28          0         12          0       5677   stm32f1xx_hal.o
       198         14          0          0          0      28767   stm32f1xx_hal_cortex.o
       524         40          0          0          0       3974   stm32f1xx_hal_gpio.o
      1812         40          0          0          0       9698   stm32f1xx_hal_i2c.o
       600         74          0          0          0       4154   stm32f1xx_hal_msp.o
      1240         84         18          0          0       4944   stm32f1xx_hal_rcc.o
      2154         60          0          0          0      17414   stm32f1xx_hal_tim.o
       108         12          0          0          0       2289   stm32f1xx_hal_tim_ex.o
       558          6          0          0          0       3832   stm32f1xx_hal_uart.o
        68         12          0          0          0       6030   stm32f1xx_it.o
         2          0         24          4          0       1035   system_stm32f1xx.o

    ----------------------------------------------------------------------
     10332        646        310         88       1960     555773   Object Totals
         0          0         32          0          0          0   (incl. Generated)
        24          0          0          3          0          0   (incl. Padding)

    ----------------------------------------------------------------------

      Code (inc. data)   RO Data    RW Data    ZI Data      Debug   Library Member Name

         8          0          0          0          0         68   __main.o
        40          0          0          0          0         84   __printf_nopercent.o
         0          0          0          0          0          0   __rtentry.o
        12          0          0          0          0          0   __rtentry2.o
         6          0          0          0          0          0   __rtentry4.o
        52          8          0          0          0          0   __scatter.o
        26          0          0          0          0          0   __scatter_copy.o
        28          0          0          0          0          0   __scatter_zi.o
        48          6          0          0          0         96   _printf_char_common.o
        36          4          0          0          0         80   _printf_char_file.o
        10          0          0          0          0         68   defsig_exit.o
        50          0          0          0          0         88   defsig_general.o
        80         58          0          0          0         76   defsig_rtmem_inner.o
        14          0          0          0          0         80   defsig_rtmem_outer.o
        52         38          0          0          0         76   defsig_rtred_inner.o
        14          0          0          0          0         80   defsig_rtred_outer.o
        18          0          0          0          0         80   exit.o
        76          0          0          0          0         88   fclose.o
         8          0          0          0          0         68   ferror.o
       236          4          0          0          0        128   fopen.o
       248          6          0          0          0         84   fseek.o
        66          0          0          0          0         76   ftell.o
        94          0          0          0          0         80   h1_alloc.o
        52          0          0          0          0         68   h1_extend.o
        78          0          0          0          0         80   h1_free.o
        14          0          0          0          0         84   h1_init.o
         6          0          0          0          0        152   heapauxi.o
         4          0          0          0          0        136   hguard.o
         0          0          0          0          0          0   indicate_semi.o
       138          0          0          0          0        168   init_alloc.o
       312         46          0          0          0        112   initio.o
         2          0          0          0          0          0   libinit.o
        14          0          0          0          0          0   libinit2.o
         2          0          0          0          0          0   libshutdown.o
         6          0          0          0          0          0   libshutdown2.o
         8          4          0          0         96         68   libspace.o
         0          0          0          0          0          0   maybetermalloc1.o
        24          4          0          0          0         84   noretval__2printf.o
         8          4          0          0          0         68   rt_errno_addr_intlibspace.o
         8          4          0          0          0         68   rt_heap_descriptor_intlibspace.o
        78          0          0          0          0         80   rt_memclr_w.o
         2          0          0          0          0          0   rtexit.o
        10          0          0          0          0          0   rtexit2.o
        70          0          0          0          0         80   setvbuf.o
       240          6          0          0          0        156   stdio.o
         0          0          0         12        252          0   stdio_streams.o
        62          0          0          0          0         76   strlen.o
        12          4          0          0          0         68   sys_exit.o
       102          0         12          0          0        240   sys_io.o
        74          0          0          0          0         80   sys_stackheap_outer.o
        14          0          0          0          0         76   sys_wrch.o
         2          0          0          0          0         68   use_no_semi.o
        98          4          0          0          0         92   d2f.o
       688        140          0          0          0        208   ddiv.o
        38          0          0          0          0         68   dflt_clz.o
       156          4          0          0          0         92   dnaninf.o
        12          0          0          0          0         68   dretinf.o
        10          0          0          0          0         68   fretinf.o
         0          0          0          0          0          0   usenofp.o

    ----------------------------------------------------------------------
      3580        344         14         12        348       4008   Library Totals
        14          0          2          0          0          0   (incl. Padding)

    ----------------------------------------------------------------------

      Code (inc. data)   RO Data    RW Data    ZI Data      Debug   Library Name

      2564        196         12         12        348       3412   c_w.l
      1002        148          0          0          0        596   fz_ws.l

    ----------------------------------------------------------------------
      3580        344         14         12        348       4008   Library Totals

    ----------------------------------------------------------------------

==============================================================================


      Code (inc. data)   RO Data    RW Data    ZI Data      Debug   

     13912        990        324        100       2308     551977   Grand Totals
     13912        990        324        100       2308     551977   ELF Image Totals
     13912        990        324        100          0          0   ROM Totals

==============================================================================

    Total RO  Size (Code + RO Data)                14236 (  13.90kB)
    Total RW  Size (RW Data + ZI Data)              2408 (   2.35kB)
    Total ROM Size (Code + RO Data + RW Data)      14336 (  14.00kB)

==============================================================================

