<html>
<body>
<pre>
<h1>µVision Build Log</h1>
<h2>Tool Versions:</h2>
IDE-Version: µVision V5.31.0.0
Copyright (C) 2020 ARM Ltd and ARM Germany GmbH. All rights reserved.
License Information: khue nguyen, creator, LIC=8VRJ7-EUGVW-9UF4U-SD5W3-N70GW-9YR22
 
Tool Versions:
Toolchain:       MDK-ARM Plus  Version: 5.31.0.0
Toolchain Path:  C:\Keil_v5\ARM\ARMCC\Bin
C Compiler:      Armcc.exe V5.06 update 6 (build 750)
Assembler:       Armasm.exe V5.06 update 6 (build 750)
Linker/Locator:  ArmLink.exe V5.06 update 6 (build 750)
Library Manager: ArmAr.exe V5.06 update 6 (build 750)
Hex Converter:   FromElf.exe V5.06 update 6 (build 750)
CPU DLL:         SARMCM3.DLL V5.31.0.0
Dialog DLL:      DCM.DLL V1.17.3.0
Target DLL:      STLink\ST-LINKIII-KEIL_SWO.dll V3.0.7.0
Dialog DLL:      TCM.DLL V1.46.0.0
 
<h2>Project:</h2>
D:\Project\may ap trung\MDK-ARM\may ap trung.uvprojx
Project File Date:  06/04/2023

<h2>Output:</h2>
*** Using Compiler 'V5.06 update 6 (build 750)', folder: 'C:\Keil_v5\ARM\ARMCC\Bin'
Build target 'may ap trung'
compiling function.c...
../Hardware/HEATER/HEATER.h(30): warning:  #1-D: last line of file ends without a newline
  #endif
../Hardware/FAN/FAN.h(30): warning:  #1-D: last line of file ends without a newline
  #endif
../Hardware/BUZZER/BUZZER.h(29): warning:  #1-D: last line of file ends without a newline
  #endif
..\Function\function.c(15): warning:  #188-D: enumerated type mixed with another type
  SETTING_POINTER poiter_setting = 0;
..\Function\function.c(16): warning:  #188-D: enumerated type mixed with another type
  RUN_POINTER poiter_run = 0;
..\Function\function.c(17): warning:  #188-D: enumerated type mixed with another type
  TEST_POINTER poiter_test = 0;
..\Function\function.c(70): warning:  #188-D: enumerated type mixed with another type
  				if(poiter_setting > TIME_COMPL_SETTING) poiter_setting = 0;
..\Function\function.c: 7 warnings, 0 errors
compiling callback.c...
../Hardware/HEATER/HEATER.h(30): warning:  #1-D: last line of file ends without a newline
  #endif
../Hardware/FAN/FAN.h(30): warning:  #1-D: last line of file ends without a newline
  #endif
../Hardware/BUZZER/BUZZER.h(29): warning:  #1-D: last line of file ends without a newline
  #endif
..\Function\callback.c(21): warning:  #188-D: enumerated type mixed with another type
  			poiter_run = 0;
..\Function\callback.c(61): warning:  #1-D: last line of file ends without a newline
  }
..\Function\callback.c: 5 warnings, 0 errors
compiling main.c...
../Hardware/HEATER/HEATER.h(30): warning:  #1-D: last line of file ends without a newline
  #endif
../Hardware/FAN/FAN.h(30): warning:  #1-D: last line of file ends without a newline
  #endif
../Hardware/BUZZER/BUZZER.h(29): warning:  #1-D: last line of file ends without a newline
  #endif
../Core/Src/main.c(107): warning:  #188-D: enumerated type mixed with another type
  	HAL_GPIO_WritePin(BUZZ_GPIO_Port, BUZZ_Pin, 1);
../Core/Src/main.c: 4 warnings, 0 errors
linking...
Program Size: Code=13912 RO-data=324 RW-data=100 ZI-data=2308  
FromELF: creating hex file...
"may ap trung\may ap trung.axf" - 0 Error(s), 16 Warning(s).

<h2>Software Packages used:</h2>

Package Vendor: ARM
                http://www.keil.com/pack/ARM.CMSIS.5.7.0.pack
                ARM.CMSIS.5.7.0
                CMSIS (Cortex Microcontroller Software Interface Standard)
   * Component: CORE Version: 5.4.0

Package Vendor: Keil
                http://www.keil.com/pack/Keil.STM32F1xx_DFP.2.4.0.pack
                Keil.STM32F1xx_DFP.2.4.0
                STMicroelectronics STM32F1 Series Device Support, Drivers and Examples

<h2>Collection of Component include folders:</h2>
  .\RTE\_may_ap_trung
  C:\Users\admin\AppData\Local\Arm\Packs\ARM\CMSIS\5.7.0\CMSIS\Core\Include
  C:\Users\admin\AppData\Local\Arm\Packs\Keil\STM32F1xx_DFP\2.4.0\Device\Include

<h2>Collection of Component Files used:</h2>

   * Component: ARM::CMSIS:CORE:5.4.0
Build Time Elapsed:  00:00:01
</pre>
</body>
</html>
